Component: ARM Compiler 5.06 update 5 (build 528) Tool: armlink [4d35e2]

==============================================================================

Section Cross References

    startup_stm32f407xx.o(RESET) refers to startup_stm32f407xx.o(STACK) for __initial_sp
    startup_stm32f407xx.o(RESET) refers to startup_stm32f407xx.o(.text) for Reset_Handler
    startup_stm32f407xx.o(RESET) refers to stm32f4xx_it.o(i.NMI_Handler) for NMI_Handler
    startup_stm32f407xx.o(RESET) refers to stm32f4xx_it.o(i.HardFault_Handler) for HardFault_Handler
    startup_stm32f407xx.o(RESET) refers to stm32f4xx_it.o(i.MemManage_Handler) for MemManage_Handler
    startup_stm32f407xx.o(RESET) refers to stm32f4xx_it.o(i.BusFault_Handler) for BusFault_Handler
    startup_stm32f407xx.o(RESET) refers to stm32f4xx_it.o(i.UsageFault_Handler) for UsageFault_Handler
    startup_stm32f407xx.o(RESET) refers to port.o(.emb_text) for SVC_Handler
    startup_stm32f407xx.o(RESET) refers to stm32f4xx_it.o(i.DebugMon_Handler) for DebugMon_Handler
    startup_stm32f407xx.o(RESET) refers to cmsis_os2.o(i.SysTick_Handler) for SysTick_Handler
    startup_stm32f407xx.o(RESET) refers to stm32f4xx_it.o(i.DMA1_Stream2_IRQHandler) for DMA1_Stream2_IRQHandler
    startup_stm32f407xx.o(RESET) refers to stm32f4xx_it.o(i.DMA1_Stream4_IRQHandler) for DMA1_Stream4_IRQHandler
    startup_stm32f407xx.o(RESET) refers to stm32f4xx_it.o(i.DMA1_Stream5_IRQHandler) for DMA1_Stream5_IRQHandler
    startup_stm32f407xx.o(RESET) refers to stm32f4xx_it.o(i.DMA1_Stream6_IRQHandler) for DMA1_Stream6_IRQHandler
    startup_stm32f407xx.o(RESET) refers to stm32f4xx_it.o(i.ADC_IRQHandler) for ADC_IRQHandler
    startup_stm32f407xx.o(RESET) refers to stm32f4xx_it.o(i.USART1_IRQHandler) for USART1_IRQHandler
    startup_stm32f407xx.o(RESET) refers to stm32f4xx_it.o(i.USART2_IRQHandler) for USART2_IRQHandler
    startup_stm32f407xx.o(RESET) refers to stm32f4xx_it.o(i.UART4_IRQHandler) for UART4_IRQHandler
    startup_stm32f407xx.o(RESET) refers to stm32f4xx_it.o(i.TIM7_IRQHandler) for TIM7_IRQHandler
    startup_stm32f407xx.o(RESET) refers to stm32f4xx_it.o(i.DMA2_Stream0_IRQHandler) for DMA2_Stream0_IRQHandler
    startup_stm32f407xx.o(RESET) refers to stm32f4xx_it.o(i.DMA2_Stream1_IRQHandler) for DMA2_Stream1_IRQHandler
    startup_stm32f407xx.o(RESET) refers to stm32f4xx_it.o(i.DMA2_Stream2_IRQHandler) for DMA2_Stream2_IRQHandler
    startup_stm32f407xx.o(RESET) refers to stm32f4xx_it.o(i.USART6_IRQHandler) for USART6_IRQHandler
    startup_stm32f407xx.o(.text) refers to system_stm32f4xx.o(i.SystemInit) for SystemInit
    startup_stm32f407xx.o(.text) refers to entry.o(.ARM.Collect$$$$00000000) for __main
    delay.o(i.HAL_Delay) refers to delay.o(i.delay_ms) for delay_ms
    delay.o(i.delay_init) refers to stm32f4xx_hal_cortex.o(i.HAL_SYSTICK_CLKSourceConfig) for HAL_SYSTICK_CLKSourceConfig
    delay.o(i.delay_init) refers to delay.o(.data) for g_fac_us
    delay.o(i.delay_ms) refers to delay.o(i.delay_us) for delay_us
    delay.o(i.delay_us) refers to delay.o(.data) for g_fac_us
    main.o(i.HAL_TIM_PeriodElapsedCallback) refers to stm32f4xx_hal.o(i.HAL_IncTick) for HAL_IncTick
    main.o(i.SystemClock_Config) refers to memseta.o(.text) for __aeabi_memclr4
    main.o(i.SystemClock_Config) refers to stm32f4xx_hal_rcc.o(i.HAL_RCC_OscConfig) for HAL_RCC_OscConfig
    main.o(i.SystemClock_Config) refers to main.o(i.Error_Handler) for Error_Handler
    main.o(i.SystemClock_Config) refers to stm32f4xx_hal_rcc.o(i.HAL_RCC_ClockConfig) for HAL_RCC_ClockConfig
    main.o(i.main) refers to stm32f4xx_hal.o(i.HAL_Init) for HAL_Init
    main.o(i.main) refers to main.o(i.SystemClock_Config) for SystemClock_Config
    main.o(i.main) refers to gpio.o(i.MX_GPIO_Init) for MX_GPIO_Init
    main.o(i.main) refers to dma.o(i.MX_DMA_Init) for MX_DMA_Init
    main.o(i.main) refers to usart.o(i.MX_USART1_UART_Init) for MX_USART1_UART_Init
    main.o(i.main) refers to usart.o(i.MX_USART2_UART_Init) for MX_USART2_UART_Init
    main.o(i.main) refers to adc.o(i.MX_ADC1_Init) for MX_ADC1_Init
    main.o(i.main) refers to usart.o(i.MX_USART6_UART_Init) for MX_USART6_UART_Init
    main.o(i.main) refers to i2c.o(i.MX_I2C3_Init) for MX_I2C3_Init
    main.o(i.main) refers to usart.o(i.MX_UART4_Init) for MX_UART4_Init
    main.o(i.main) refers to i2c.o(i.MX_I2C1_Init) for MX_I2C1_Init
    main.o(i.main) refers to delay.o(i.delay_init) for delay_init
    main.o(i.main) refers to cmsis_os2.o(i.osKernelInitialize) for osKernelInitialize
    main.o(i.main) refers to freertos.o(i.MX_FREERTOS_Init) for MX_FREERTOS_Init
    main.o(i.main) refers to cmsis_os2.o(i.osKernelStart) for osKernelStart
    gpio.o(i.MX_GPIO_Init) refers to memseta.o(.text) for __aeabi_memclr4
    gpio.o(i.MX_GPIO_Init) refers to stm32f4xx_hal_gpio.o(i.HAL_GPIO_WritePin) for HAL_GPIO_WritePin
    gpio.o(i.MX_GPIO_Init) refers to stm32f4xx_hal_gpio.o(i.HAL_GPIO_Init) for HAL_GPIO_Init
[...]
    SmoothData                               0x080057b9   Thumb Code    52  filter.o(i.SmoothData)
    StartDefaultTask                         0x080057ed   Thumb Code    12  freertos.o(i.StartDefaultTask)
    SysTick_Handler                          0x080057f9   Thumb Code    22  cmsis_os2.o(i.SysTick_Handler)
    SystemClock_Config                       0x08005811   Thumb Code   170  main.o(i.SystemClock_Config)
    SystemInit                               0x080058c5   Thumb Code    24  system_stm32f4xx.o(i.SystemInit)
    TIM7_IRQHandler                          0x080058e1   Thumb Code    10  stm32f4xx_it.o(i.TIM7_IRQHandler)
    TIM_Base_SetConfig                       0x080058f1   Thumb Code   186  stm32f4xx_hal_tim.o(i.TIM_Base_SetConfig)
    Timer1_Callback                          0x080059d9   Thumb Code    54  freertos.o(i.Timer1_Callback)
    UART4_IRQHandler                         0x08005a35   Thumb Code    36  stm32f4xx_it.o(i.UART4_IRQHandler)
    UART_Start_Receive_DMA                   0x08005fe1   Thumb Code   186  stm32f4xx_hal_uart.o(i.UART_Start_Receive_DMA)
    USART1_IRQHandler                        0x08006195   Thumb Code    36  stm32f4xx_it.o(i.USART1_IRQHandler)
    USART2_IRQHandler                        0x080061c5   Thumb Code    38  stm32f4xx_it.o(i.USART2_IRQHandler)
    USART6_IRQHandler                        0x080061f9   Thumb Code    38  stm32f4xx_it.o(i.USART6_IRQHandler)
    Update_Signal_Min_Max                    0x0800622d   Thumb Code   226  max30102_app.o(i.Update_Signal_Min_Max)
    UsageFault_Handler                       0x08006329   Thumb Code     4  stm32f4xx_it.o(i.UsageFault_Handler)
    WIFE_StartTask                           0x0800632d   Thumb Code    20  freertos.o(i.WIFE_StartTask)
    __0printf                                0x08006341   Thumb Code    22  printfa.o(i.__0printf)
    __1printf                                0x08006341   Thumb Code     0  printfa.o(i.__0printf)
    __2printf                                0x08006341   Thumb Code     0  printfa.o(i.__0printf)
    __c89printf                              0x08006341   Thumb Code     0  printfa.o(i.__0printf)
    printf                                   0x08006341   Thumb Code     0  printfa.o(i.__0printf)
    __0snprintf                              0x08006361   Thumb Code    44  printfa.o(i.__0snprintf)
    __1snprintf                              0x08006361   Thumb Code     0  printfa.o(i.__0snprintf)
    __2snprintf                              0x08006361   Thumb Code     0  printfa.o(i.__0snprintf)
    __c89snprintf                            0x08006361   Thumb Code     0  printfa.o(i.__0snprintf)
    snprintf                                 0x08006361   Thumb Code     0  printfa.o(i.__0snprintf)
    __ARM_fpclassify                         0x08006391   Thumb Code    48  fpclassify.o(i.__ARM_fpclassify)
    __hardfp_asin                            0x08006401   Thumb Code   770  asin.o(i.__hardfp_asin)
    __hardfp_atan                            0x08006761   Thumb Code   622  atan.o(i.__hardfp_atan)
    __hardfp_atan2                           0x08006a39   Thumb Code   432  atan2.o(i.__hardfp_atan2)
    __hardfp_atof                            0x08006c29   Thumb Code    44  atof.o(i.__hardfp_atof)
    __hardfp_fabs                            0x08006c61   Thumb Code    20  fabs.o(i.__hardfp_fabs)
    __hardfp_pow                             0x08006c79   Thumb Code  3072  pow.o(i.__hardfp_pow)
    __hardfp_sqrt                            0x080078c9   Thumb Code   122  sqrt.o(i.__hardfp_sqrt)
    __kernel_poly                            0x08007943   Thumb Code   248  poly.o(i.__kernel_poly)
    __mathlib_dbl_divzero                    0x08007a41   Thumb Code    28  dunder.o(i.__mathlib_dbl_divzero)
    __mathlib_dbl_infnan                     0x08007a71   Thumb Code    20  dunder.o(i.__mathlib_dbl_infnan)
    __mathlib_dbl_infnan2                    0x08007a85   Thumb Code    20  dunder.o(i.__mathlib_dbl_infnan2)
    __mathlib_dbl_invalid                    0x08007a99   Thumb Code    24  dunder.o(i.__mathlib_dbl_invalid)
    __mathlib_dbl_overflow                   0x08007ab9   Thumb Code    24  dunder.o(i.__mathlib_dbl_overflow)
    __mathlib_dbl_underflow                  0x08007ad9   Thumb Code    24  dunder.o(i.__mathlib_dbl_underflow)
    __read_errno                             0x08007af9   Thumb Code     6  errno.o(i.__read_errno)
    __scatterload_copy                       0x08007b05   Thumb Code    14  handlers.o(i.__scatterload_copy)
    __scatterload_null                       0x08007b13   Thumb Code     2  handlers.o(i.__scatterload_null)
    __scatterload_zeroinit                   0x08007b15   Thumb Code    14  handlers.o(i.__scatterload_zeroinit)
    __set_errno                              0x08007b25   Thumb Code     6  errno.o(i.__set_errno)
    _float_to_double                         0x08007b31   Thumb Code     2  ci_app.o(i._float_to_double)
    _int16_to_int32                          0x08007cb9   Thumb Code     2  ci_app.o(i._int16_to_int32)
    _is_digit                                0x08007cbb   Thumb Code    14  scanf_fp.o(i._is_digit)
    _uart_MQ2_Beyond                         0x0800840d   Thumb Code   112  ci_app.o(i._uart_MQ2_Beyond)
    _uart_Read_DHT11                         0x08008485   Thumb Code   212  ci_app.o(i._uart_Read_DHT11)
    _uart_Read_MQ2                           0x08008565   Thumb Code   112  ci_app.o(i._uart_Read_MQ2)
    _uart_Read_SPO2_heart                    0x080085dd   Thumb Code   156  ci_app.o(i._uart_Read_SPO2_heart)
    _uart_body_beyond                        0x08008681   Thumb Code   112  ci_app.o(i._uart_body_beyond)
    _uart_body_fall                          0x080086f9   Thumb Code   112  ci_app.o(i._uart_body_fall)
    _uart_send_impl                          0x08008771   Thumb Code    24  ci_app.o(i._uart_send_impl)
    _uart_wear_flag                          0x0800878d   Thumb Code   112  ci_app.o(i._uart_wear_flag)
    atan                                     0x080088c5   Thumb Code    16  atan.o(i.atan)
    atgm336h_proc                            0x080088d5   Thumb Code    44  atgm336h_app.o(i.atgm336h_proc)
    atgm336h_process                         0x08008925   Thumb Code   408  atgm336h_app.o(i.atgm336h_process)
    ci_StartTask                             0x08008b05   Thumb Code    20  freertos.o(i.ci_StartTask)
    ci_proc                                  0x08008b19   Thumb Code   434  ci_app.o(i.ci_proc)
    delay_init                               0x08008d51   Thumb Code    16  delay.o(i.delay_init)
    delay_ms                                 0x08008d65   Thumb Code    50  delay.o(i.delay_ms)
    delay_us                                 0x08008d99   Thumb Code    68  delay.o(i.delay_us)
    dht11_proc                               0x08008de1   Thumb Code    10  dht11.o(i.dht11_proc)
    dmp_enable_6x_lp_quat                    0x08008df1   Thumb Code    60  inv_mpu_dmp_motion_driver.o(i.dmp_enable_6x_lp_quat)
    dmp_enable_feature                       0x08008e2d   Thumb Code   530  inv_mpu_dmp_motion_driver.o(i.dmp_enable_feature)
    dmp_enable_gyro_cal                      0x08009049   Thumb Code    62  inv_mpu_dmp_motion_driver.o(i.dmp_enable_gyro_cal)
    dmp_enable_lp_quat                       0x080090a1   Thumb Code    60  inv_mpu_dmp_motion_driver.o(i.dmp_enable_lp_quat)
    dmp_load_motion_driver_firmware          0x080090dd   Thumb Code    20  inv_mpu_dmp_motion_driver.o(i.dmp_load_motion_driver_firmware)
    dmp_proc                                 0x080090f5   Thumb Code    10  mpu6050.o(i.dmp_proc)
    dmp_read_fifo                            0x08009105   Thumb Code   462  inv_mpu_dmp_motion_driver.o(i.dmp_read_fifo)
    dmp_set_fifo_rate                        0x080092d9   Thumb Code    96  inv_mpu_dmp_motion_driver.o(i.dmp_set_fifo_rate)
    dmp_set_orientation                      0x08009349   Thumb Code   290  inv_mpu_dmp_motion_driver.o(i.dmp_set_orientation)
    dmp_set_shake_reject_thresh              0x08009481   Thumb Code    56  inv_mpu_dmp_motion_driver.o(i.dmp_set_shake_reject_thresh)
    dmp_set_shake_reject_time                0x080094b9   Thumb Code    38  inv_mpu_dmp_motion_driver.o(i.dmp_set_shake_reject_time)
    dmp_set_shake_reject_timeout             0x080094df   Thumb Code    38  inv_mpu_dmp_motion_driver.o(i.dmp_set_shake_reject_timeout)
    dmp_set_tap_axes                         0x08009505   Thumb Code    70  inv_mpu_dmp_motion_driver.o(i.dmp_set_tap_axes)
    dmp_set_tap_count                        0x0800954b   Thumb Code    38  inv_mpu_dmp_motion_driver.o(i.dmp_set_tap_count)
    dmp_set_tap_thresh                       0x08009571   Thumb Code   412  inv_mpu_dmp_motion_driver.o(i.dmp_set_tap_thresh)
    dmp_set_tap_time                         0x08009731   Thumb Code    38  inv_mpu_dmp_motion_driver.o(i.dmp_set_tap_time)
    dmp_set_tap_time_multi                   0x08009757   Thumb Code    38  inv_mpu_dmp_motion_driver.o(i.dmp_set_tap_time_multi)
    esp8266_clear_buffer                     0x0800977d   Thumb Code    14  esp_8266.o(i.esp8266_clear_buffer)
    esp8266_error_handler                    0x08009791   Thumb Code   122  esp_8266.o(i.esp8266_error_handler)
    esp8266_get_receive_flag                 0x080098d9   Thumb Code    12  esp_8266.o(i.esp8266_get_receive_flag)
    esp8266_init                             0x080098e9   Thumb Code   336  esp_8266.o(i.esp8266_init)
    esp8266_onenet_data_handler              0x08009b59   Thumb Code   134  esp_8266.o(i.esp8266_onenet_data_handler)
    esp8266_publish_data                     0x08009c21   Thumb Code   616  esp_8266.o(i.esp8266_publish_data)
    esp8266_send_command                     0x08009fe5   Thumb Code   132  esp_8266.o(i.esp8266_send_command)
    esp8266_system_handler                   0x0800a08d   Thumb Code    52  esp_8266.o(i.esp8266_system_handler)
    fabs                                     0x0800a125   Thumb Code    24  fabs.o(i.fabs)
    fall_collsion_event                      0x0800a13d   Thumb Code   674  ci_app.o(i.fall_collsion_event)
    fputc                                    0x0800a441   Thumb Code    20  usart.o(i.fputc)
    key_init                                 0x0800ab75   Thumb Code    60  key_app.o(i.key_init)
    key_proc                                 0x0800abb9   Thumb Code    26  key_app.o(i.key_proc)
    key_task                                 0x0800abd9   Thumb Code   220  key_app.o(i.key_task)
    led_disp                                 0x0800acb9   Thumb Code    94  led_app.o(i.led_disp)
    led_proc                                 0x0800ad25   Thumb Code    10  led_app.o(i.led_proc)
    main                                     0x0800ad35   Thumb Code    66  main.o(i.main)
    max30102_Bus_Read                        0x0800ad79   Thumb Code    50  max30102_app.o(i.max30102_Bus_Read)
    max30102_Bus_Write                       0x0800adc1   Thumb Code    68  max30102_app.o(i.max30102_Bus_Write)
    max30102_FIFO_ReadBytes                  0x0800ae19   Thumb Code    84  max30102_app.o(i.max30102_FIFO_ReadBytes)
    max30102_abnormal_event                  0x0800ae81   Thumb Code   194  max30102_app.o(i.max30102_abnormal_event)
    max30102_task                            0x0800af89   Thumb Code    20  max30102_app.o(i.max30102_task)
    maxim_find_peaks                         0x0800af9d   Thumb Code    66  algorithm.o(i.maxim_find_peaks)
    maxim_heart_rate_and_oxygen_saturation   0x0800afe1   Thumb Code  1282  algorithm.o(i.maxim_heart_rate_and_oxygen_saturation)
    maxim_peaks_above_min_height             0x0800b4ed   Thumb Code   122  algorithm.o(i.maxim_peaks_above_min_height)
    maxim_remove_close_peaks                 0x0800b567   Thumb Code   114  algorithm.o(i.maxim_remove_close_peaks)
    maxim_sort_ascend                        0x0800b5d9   Thumb Code    54  algorithm.o(i.maxim_sort_ascend)
    maxim_sort_indices_descend               0x0800b60f   Thumb Code    64  algorithm.o(i.maxim_sort_indices_descend)
    mpu_configure_fifo                       0x0800b651   Thumb Code   106  inv_mpu.o(i.mpu_configure_fifo)
    mpu_dmp_init                             0x0800b6c1   Thumb Code   216  mpu6050.o(i.mpu_dmp_init)
    mpu_get_accel_fsr                        0x0800b7c1   Thumb Code    72  inv_mpu.o(i.mpu_get_accel_fsr)
    mpu_get_accel_sens                       0x0800b80d   Thumb Code    78  inv_mpu.o(i.mpu_get_accel_sens)
    mpu_get_fifo_config                      0x0800b861   Thumb Code    12  inv_mpu.o(i.mpu_get_fifo_config)
    mpu_get_gyro_fsr                         0x0800b871   Thumb Code    64  inv_mpu.o(i.mpu_get_gyro_fsr)
    mpu_get_gyro_sens                        0x0800b8b5   Thumb Code    74  inv_mpu.o(i.mpu_get_gyro_sens)
    mpu_get_lpf                              0x0800b915   Thumb Code    74  inv_mpu.o(i.mpu_get_lpf)
    mpu_get_sample_rate                      0x0800b965   Thumb Code    26  inv_mpu.o(i.mpu_get_sample_rate)
    mpu_init                                 0x0800b985   Thumb Code   256  inv_mpu.o(i.mpu_init)
    mpu_load_firmware                        0x0800ba89   Thumb Code   184  inv_mpu.o(i.mpu_load_firmware)
    mpu_lp_accel_mode                        0x0800bb45   Thumb Code   226  inv_mpu.o(i.mpu_lp_accel_mode)
    mpu_read_fifo_stream                     0x0800bc2d   Thumb Code   198  inv_mpu.o(i.mpu_read_fifo_stream)
    mpu_read_len                             0x0800bcf9   Thumb Code    42  mpu6050.o(i.mpu_read_len)
    mpu_read_mem                             0x0800bd29   Thumb Code   130  inv_mpu.o(i.mpu_read_mem)
    mpu_reset_fifo                           0x0800bdb1   Thumb Code   494  inv_mpu.o(i.mpu_reset_fifo)
    mpu_run_self_test                        0x0800bfa5   Thumb Code   278  inv_mpu.o(i.mpu_run_self_test)
    mpu_set_accel_fsr                        0x0800c0c1   Thumb Code   130  inv_mpu.o(i.mpu_set_accel_fsr)
    mpu_set_bypass                           0x0800c149   Thumb Code   352  inv_mpu.o(i.mpu_set_bypass)
    mpu_set_dmp_state                        0x0800c2ad   Thumb Code   146  inv_mpu.o(i.mpu_set_dmp_state)
    mpu_set_gyro_fsr                         0x0800c345   Thumb Code   136  inv_mpu.o(i.mpu_set_gyro_fsr)
    mpu_set_int_latched                      0x0800c3d1   Thumb Code   106  inv_mpu.o(i.mpu_set_int_latched)
    mpu_set_lpf                              0x0800c441   Thumb Code   130  inv_mpu.o(i.mpu_set_lpf)
    mpu_set_sample_rate                      0x0800c4c9   Thumb Code   156  inv_mpu.o(i.mpu_set_sample_rate)
    mpu_set_sensors                          0x0800c569   Thumb Code   210  inv_mpu.o(i.mpu_set_sensors)
    mpu_write_len                            0x0800c641   Thumb Code    42  mpu6050.o(i.mpu_write_len)
    mpu_write_mem                            0x0800c671   Thumb Code   130  inv_mpu.o(i.mpu_write_mem)
    mq2_proc                                 0x0800c6f9   Thumb Code   254  mq2.o(i.mq2_proc)
    osDelay                                  0x0800c841   Thumb Code    30  cmsis_os2.o(i.osDelay)
    osDelayUntil                             0x0800c85f   Thumb Code    52  cmsis_os2.o(i.osDelayUntil)
    osKernelGetTickCount                     0x0800c893   Thumb Code    26  cmsis_os2.o(i.osKernelGetTickCount)
    osKernelInitialize                       0x0800c8ad   Thumb Code    38  cmsis_os2.o(i.osKernelInitialize)
    osKernelStart                            0x0800c8d9   Thumb Code    82  cmsis_os2.o(i.osKernelStart)
    osThreadNew                              0x0800c939   Thumb Code   184  cmsis_os2.o(i.osThreadNew)
    osTimerNew                               0x0800c9f1   Thumb Code   182  cmsis_os2.o(i.osTimerNew)
    osTimerStart                             0x0800caad   Thumb Code    60  cmsis_os2.o(i.osTimerStart)
    pvPortMalloc                             0x0800d569   Thumb Code   306  heap_4.o(i.pvPortMalloc)
    pvTimerGetTimerID                        0x0800d6b5   Thumb Code    44  timers.o(i.pvTimerGetTimerID)
    pxPortInitialiseStack                    0x0800d6e1   Thumb Code    38  port.o(i.pxPortInitialiseStack)
    sqrt                                     0x0800d83d   Thumb Code   110  sqrt.o(i.sqrt)
    uart_to_onenet                           0x0800d8ad   Thumb Code    26  esp_8266.o(i.uart_to_onenet)
    uxListRemove                             0x0800d8cd   Thumb Code    40  list.o(i.uxListRemove)
    vApplicationGetIdleTaskMemory            0x0800d8f5   Thumb Code    14  cmsis_os2.o(i.vApplicationGetIdleTaskMemory)
    vApplicationGetTimerTaskMemory           0x0800d90d   Thumb Code    14  cmsis_os2.o(i.vApplicationGetTimerTaskMemory)
    vListInitialise                          0x0800d925   Thumb Code    26  list.o(i.vListInitialise)
    vListInitialiseItem                      0x0800d93f   Thumb Code     6  list.o(i.vListInitialiseItem)
    vListInsert                              0x0800d945   Thumb Code    52  list.o(i.vListInsert)
    vListInsertEnd                           0x0800d979   Thumb Code    24  list.o(i.vListInsertEnd)
    vPortEnterCritical                       0x0800d991   Thumb Code    76  port.o(i.vPortEnterCritical)
    vPortExitCritical                        0x0800d9e5   Thumb Code    56  port.o(i.vPortExitCritical)
    vPortFree                                0x0800da21   Thumb Code   150  heap_4.o(i.vPortFree)
    vPortSetupTimerInterrupt                 0x0800dac5   Thumb Code    36  port.o(i.vPortSetupTimerInterrupt)
    vPortValidateInterruptPriority           0x0800daed   Thumb Code   106  port.o(i.vPortValidateInterruptPriority)
    vQueueAddToRegistry                      0x0800db65   Thumb Code    38  queue.o(i.vQueueAddToRegistry)
    vQueueWaitForMessageRestricted           0x0800db91   Thumb Code    74  queue.o(i.vQueueWaitForMessageRestricted)
    vTaskDelay                               0x0800dbdd   Thumb Code    82  tasks.o(i.vTaskDelay)
    vTaskDelayUntil                          0x0800dc39   Thumb Code   200  tasks.o(i.vTaskDelayUntil)
    vTaskInternalSetTimeOutState             0x0800dd0d   Thumb Code    14  tasks.o(i.vTaskInternalSetTimeOutState)
    vTaskMissedYield                         0x0800dd25   Thumb Code     8  tasks.o(i.vTaskMissedYield)
    vTaskPlaceOnEventList                    0x0800dd31   Thumb Code    52  tasks.o(i.vTaskPlaceOnEventList)
    vTaskPlaceOnEventListRestricted          0x0800dd69   Thumb Code    60  tasks.o(i.vTaskPlaceOnEventListRestricted)
    vTaskStartScheduler                      0x0800dda9   Thumb Code   156  tasks.o(i.vTaskStartScheduler)
    vTaskSuspendAll                          0x0800de61   Thumb Code    12  tasks.o(i.vTaskSuspendAll)
    vTaskSwitchContext                       0x0800de71   Thumb Code   122  tasks.o(i.vTaskSwitchContext)
    xPortStartScheduler                      0x0800df01   Thumb Code   330  port.o(i.xPortStartScheduler)
    xPortSysTickHandler                      0x0800e069   Thumb Code    46  port.o(i.xPortSysTickHandler)
    xQueueGenericCreateStatic                0x0800e09d   Thumb Code   224  queue.o(i.xQueueGenericCreateStatic)
    xQueueGenericReset                       0x0800e17d   Thumb Code   146  queue.o(i.xQueueGenericReset)
    xQueueGenericSend                        0x0800e215   Thumb Code   420  queue.o(i.xQueueGenericSend)
    xQueueGenericSendFromISR                 0x0800e3bd   Thumb Code   252  queue.o(i.xQueueGenericSendFromISR)
    xQueueReceive                            0x0800e4b9   Thumb Code   356  queue.o(i.xQueueReceive)
    xTaskCheckForTimeOut                     0x0800e621   Thumb Code   132  tasks.o(i.xTaskCheckForTimeOut)
    xTaskCreate                              0x0800e6ad   Thumb Code   100  tasks.o(i.xTaskCreate)
    xTaskCreateStatic                        0x0800e711   Thumb Code   186  tasks.o(i.xTaskCreateStatic)
    xTaskGetSchedulerState                   0x0800e7cd   Thumb Code    24  tasks.o(i.xTaskGetSchedulerState)
    xTaskGetTickCount                        0x0800e7ed   Thumb Code     6  tasks.o(i.xTaskGetTickCount)
    xTaskGetTickCountFromISR                 0x0800e7f9   Thumb Code    16  tasks.o(i.xTaskGetTickCountFromISR)
    xTaskIncrementTick                       0x0800e80d   Thumb Code   280  tasks.o(i.xTaskIncrementTick)
    xTaskPriorityDisinherit                  0x0800e951   Thumb Code   152  tasks.o(i.xTaskPriorityDisinherit)
    xTaskRemoveFromEventList                 0x0800e9f5   Thumb Code   126  tasks.o(i.xTaskRemoveFromEventList)
    xTaskResumeAll                           0x0800ea8d   Thumb Code   222  tasks.o(i.xTaskResumeAll)
    xTimerCreate                             0x0800eb91   Thumb Code    54  timers.o(i.xTimerCreate)
    xTimerCreateStatic                       0x0800ebc7   Thumb Code   114  timers.o(i.xTimerCreateStatic)
    xTimerCreateTimerTask                    0x0800ec39   Thumb Code   100  timers.o(i.xTimerCreateTimerTask)
    xTimerGenericCommand                     0x0800ecb1   Thumb Code   128  timers.o(i.xTimerGenericCommand)
    defaultTask_attributes                   0x0800ed34   Data          36  freertos.o(.constdata)
    MAXTask_attributes                       0x0800ed58   Data          36  freertos.o(.constdata)
    MPU_Task_attributes                      0x0800ed7c   Data          36  freertos.o(.constdata)
    WIFE_Task_attributes                     0x0800eda0   Data          36  freertos.o(.constdata)
    MQ2_Task_attributes                      0x0800edc4   Data          36  freertos.o(.constdata)
    IO_Task_attributes                       0x0800ede8   Data          36  freertos.o(.constdata)
    DHT11_Task_attributes                    0x0800ee0c   Data          36  freertos.o(.constdata)
    GPS_Task_attributes                      0x0800ee30   Data          36  freertos.o(.constdata)
    ci_Task10_attributes                     0x0800ee54   Data          36  freertos.o(.constdata)
    control_mode_Timer_attributes            0x0800ee78   Data          16  freertos.o(.constdata)
    AHBPrescTable                            0x0800ee90   Data          16  system_stm32f4xx.o(.constdata)
    APBPrescTable                            0x0800eea0   Data           8  system_stm32f4xx.o(.constdata)
    auw_hamm                                 0x0800eea8   Data          62  algorithm.o(.constdata)
    uch_spo2_table                           0x0800eee6   Data         184  algorithm.o(.constdata)
    g_uart_send_head_UART1_RX                0x0800ef9e   Data           2  ci_app.o(.constdata)
    g_uart_send_foot_UART1_RX                0x0800efa0   Data           2  ci_app.o(.constdata)
    reg                                      0x0800efa4   Data          30  inv_mpu.o(.constdata)
    hw                                       0x0800efc2   Data          12  inv_mpu.o(.constdata)
    test                                     0x0800efd0   Data          40  inv_mpu.o(.constdata)
    __mathlib_zero                           0x0800fd60   Data           8  qnan.o(.constdata)
    __ctype_categories                       0x0800fd68   Data          64  ctype_c.o(.constdata)
    Region$$Table$$Base                      0x0800ffec   Number         0  anon$$obj.o(Region$$Table)
    Region$$Table$$Limit                     0x0801000c   Number         0  anon$$obj.o(Region$$Table)
    defaultTaskHandle                        0x20000004   Data           4  freertos.o(.data)
    MAXTaskHandle                            0x20000008   Data           4  freertos.o(.data)
    MPU_TaskHandle                           0x2000000c   Data           4  freertos.o(.data)
    WIFE_TaskHandle                          0x20000010   Data           4  freertos.o(.data)
    MQ2_TaskHandle                           0x20000014   Data           4  freertos.o(.data)
    IO_TaskHandle                            0x20000018   Data           4  freertos.o(.data)
    DHT11_TaskHandle                         0x2000001c   Data           4  freertos.o(.data)
    GPS_TaskHandle                           0x20000020   Data           4  freertos.o(.data)
    ci_Task10Handle                          0x20000024   Data           4  freertos.o(.data)
    control_mode_TimerHandle                 0x20000028   Data           4  freertos.o(.data)
    rx1_flag                                 0x2000002d   Data           1  usart.o(.data)
    rx2_flag                                 0x2000002e   Data           1  usart.o(.data)
    rx4_flag                                 0x2000002f   Data           1  usart.o(.data)
    rx6_flag                                 0x20000030   Data           1  usart.o(.data)
    uwTick                                   0x20000034   Data           4  stm32f4xx_hal.o(.data)
    uwTickPrio                               0x20000038   Data           4  stm32f4xx_hal.o(.data)
    uwTickFreq                               0x2000003c   Data           1  stm32f4xx_hal.o(.data)
    SystemCoreClock                          0x20000040   Data           4  system_stm32f4xx.o(.data)
    temperature                              0x20000044   Data          20  esp_8266.o(.data)
    humidity                                 0x20000058   Data          20  esp_8266.o(.data)
    PPM                                      0x2000006c   Data          20  esp_8266.o(.data)
    longitude                                0x20000080   Data          20  esp_8266.o(.data)
    latitude                                 0x20000094   Data          20  esp_8266.o(.data)
    heart_rate                               0x200000a8   Data          20  esp_8266.o(.data)
    spo2                                     0x200000bc   Data          20  esp_8266.o(.data)
    fall                                     0x200000d0   Data          20  esp_8266.o(.data)
    sos                                      0x200000e4   Data          20  esp_8266.o(.data)
    MQ2_Beyond                               0x200000f8   Data          20  esp_8266.o(.data)
    wear                                     0x2000010c   Data          20  esp_8266.o(.data)
    spo2_flag                                0x20000120   Data          20  esp_8266.o(.data)
    heart_flag                               0x20000134   Data          20  esp_8266.o(.data)
    collsion                                 0x20000148   Data          20  esp_8266.o(.data)
    ESP8266_Status                           0x20000194   Data           4  esp_8266.o(.data)
    ucled                                    0x20000199   Data           2  led_app.o(.data)
    adc_value                                0x2000019c   Data           4  mq2.o(.data)
    voltage                                  0x200001a0   Data           4  mq2.o(.data)
    RS                                       0x200001a4   Data           4  mq2.o(.data)
    RL                                       0x200001a8   Data           4  mq2.o(.data)
    R0                                       0x200001ac   Data           4  mq2.o(.data)
    ppm                                      0x200001b0   Data           4  mq2.o(.data)
    c3h8_flag                                0x200001b4   Data           1  mq2.o(.data)
    max30102_data                            0x200001b8   Data        4036  max30102_app.o(.data)
    hr_index                                 0x2000117c   Data           4  max30102_app.o(.data)
    spo2_index                               0x20001180   Data           4  max30102_app.o(.data)
    prev_hr                                  0x20001184   Data           4  max30102_app.o(.data)
    prev_spo2                                0x20001188   Data           4  max30102_app.o(.data)
    spo2_cnt                                 0x2000118c   Data           1  max30102_app.o(.data)
    heart_cnt                                0x2000118d   Data           1  max30102_app.o(.data)
    send_time                                0x2000118f   Data           1  ci_app.o(.data)
    walk                                     0x200011bc   Data           4  mpu6050.o(.data)
    steplength                               0x200011c0   Data           4  mpu6050.o(.data)
    Distance                                 0x200011c4   Data           4  mpu6050.o(.data)
    svm_set                                  0x200011c8   Data           1  mpu6050.o(.data)
    pxCurrentTCB                             0x200011d4   Data           4  tasks.o(.data)
    __stdout                                 0x20001258   Data           4  stdout.o(.data)
    hadc1                                    0x20001260   Data          72  adc.o(.bss)
    hdma_adc1                                0x200012a8   Data          96  adc.o(.bss)
    hi2c1                                    0x20001308   Data          84  i2c.o(.bss)
    hi2c3                                    0x2000135c   Data          84  i2c.o(.bss)
    uart2_dma_buffer                         0x200013b0   Data         512  usart.o(.bss)
    uart1_dma_buffer                         0x200015b0   Data         128  usart.o(.bss)
    uart4_dma_buffer                         0x20001630   Data          40  usart.o(.bss)
    uart6_dma_buffer                         0x20001658   Data        1000  usart.o(.bss)
    huart4                                   0x20001a40   Data          72  usart.o(.bss)
    huart1                                   0x20001a88   Data          72  usart.o(.bss)
    huart2                                   0x20001ad0   Data          72  usart.o(.bss)
    huart6                                   0x20001b18   Data          72  usart.o(.bss)
    hdma_uart4_rx                            0x20001b60   Data          96  usart.o(.bss)
    hdma_uart4_tx                            0x20001bc0   Data          96  usart.o(.bss)
    hdma_usart1_rx                           0x20001c20   Data          96  usart.o(.bss)
    hdma_usart2_rx                           0x20001c80   Data          96  usart.o(.bss)
    hdma_usart2_tx                           0x20001ce0   Data          96  usart.o(.bss)
    hdma_usart6_rx                           0x20001d40   Data          96  usart.o(.bss)
    htim7                                    0x20001da0   Data          72  stm32f4xx_hal_timebase_tim.o(.bss)
    btns                                     0x20001de8   Data          48  key_app.o(.bss)
    event                                    0x20001e18   Data           9  scheduler.o(.bss)
    sensor                                   0x20001e24   Data          28  scheduler.o(.bss)
    scheduler_context                        0x20001e40   Data          16  scheduler.o(.bss)
    dma_buffer                               0x20001e50   Data         120  mq2.o(.bss)
    hr_buffer                                0x20003628   Data          80  max30102_app.o(.bss)
    spo2_buffer                              0x20003678   Data          80  max30102_app.o(.bss)
    mpu_data                                 0x200036d8   Data          32  mpu6050.o(.bss)
    xQueueRegistry                           0x200036f8   Data          64  queue.o(.bss)
    __initial_sp                             0x200080d0   Data           0  startup_stm32f407xx.o(STACK)



==============================================================================

Memory Map of the image

  Image Entry point : 0x08000189

  Load Region LR_IROM1 (Base: 0x08000000, Size: 0x0001126c, Max: 0x00100000, ABSOLUTE, COMPRESSED[0x000100f4])

    Execution Region ER_IROM1 (Exec base: 0x08000000, Load base: 0x08000000, Size: 0x0001000c, Max: 0x00100000, ABSOLUTE)

    Exec Addr    Load Addr    Size         Type   Attr      Idx    E Section Name        Object

    0x08000000   0x08000000   0x00000188   Data   RO            3    RESET               startup_stm32f407xx.o
    0x08000188   0x08000188   0x00000000   Code   RO         7461  * .ARM.Collect$$$$00000000  mc_w.l(entry.o)
    0x08000188   0x08000188   0x00000004   Code   RO         7830    .ARM.Collect$$$$00000001  mc_w.l(entry2.o)
    0x0800018c   0x0800018c   0x00000004   Code   RO         7833    .ARM.Collect$$$$00000004  mc_w.l(entry5.o)
    0x08000190   0x08000190   0x00000000   Code   RO         7835    .ARM.Collect$$$$00000008  mc_w.l(entry7b.o)
    0x08000190   0x08000190   0x00000000   Code   RO         7837    .ARM.Collect$$$$0000000A  mc_w.l(entry8b.o)
    0x08000190   0x08000190   0x00000008   Code   RO         7838    .ARM.Collect$$$$0000000B  mc_w.l(entry9a.o)
    0x08000198   0x08000198   0x00000000   Code   RO         7840    .ARM.Collect$$$$0000000D  mc_w.l(entry10a.o)
    0x08000198   0x08000198   0x00000000   Code   RO         7842    .ARM.Collect$$$$0000000F  mc_w.l(entry11a.o)
    0x08000198   0x08000198   0x00000004   Code   RO         7831    .ARM.Collect$$$$00002712  mc_w.l(entry2.o)
    0x0800019c   0x0800019c   0x000000be   Code   RO         7320    .emb_text           port.o
    0x0800025a   0x0800025a   0x00000002   PAD
    0x0800025c   0x0800025c   0x00000024   Code   RO            4    .text               startup_stm32f407xx.o
    0x08000280   0x08000280   0x00000062   Code   RO         7464    .text               mc_w.l(uldiv.o)
    0x080002e2   0x080002e2   0x00000062   Code   RO         7466    .text               mc_w.l(ldiv.o)
    0x08000344   0x08000344   0x00000024   Code   RO         7470    .text               mc_w.l(memcpya.o)
    0x08000368   0x08000368   0x00000024   Code   RO         7474    .text               mc_w.l(memseta.o)
    0x0800038c   0x0800038c   0x00000024   Code   RO         7476    .text               mc_w.l(strstr.o)
    0x080003b0   0x080003b0   0x00000018   Code   RO         7478    .text               mc_w.l(strncpy.o)
    0x080003c8   0x080003c8   0x0000000e   Code   RO         7480    .text               mc_w.l(strlen.o)
    0x080003d6   0x080003d6   0x0000001a   Code   RO         7482    .text               mc_w.l(memcmp.o)
    0x080003f0   0x080003f0   0x00000044   Code   RO         7484    .text               mc_w.l(strtok.o)
    0x08000434   0x08000434   0x0000014e   Code   RO         7781    .text               mf_w.l(dadd.o)
    0x08000582   0x08000582   0x000000e4   Code   RO         7783    .text               mf_w.l(dmul.o)
    0x08000666   0x08000666   0x000000de   Code   RO         7785    .text               mf_w.l(ddiv.o)
    0x08000744   0x08000744   0x00000022   Code   RO         7787    .text               mf_w.l(dflti.o)
    0x08000766   0x08000766   0x0000003e   Code   RO         7789    .text               mf_w.l(dfixi.o)
    0x080007a4   0x080007a4   0x00000026   Code   RO         7791    .text               mf_w.l(f2d.o)
    0x080007ca   0x080007ca   0x00000002   PAD
    0x080007cc   0x080007cc   0x00000030   Code   RO         7793    .text               mf_w.l(cdrcmple.o)
    0x080007fc   0x080007fc   0x00000038   Code   RO         7795    .text               mf_w.l(d2f.o)
    0x08000834   0x08000834   0x0000002c   Code   RO         7845    .text               mc_w.l(uidiv.o)
    0x08000860   0x08000860   0x0000001e   Code   RO         7847    .text               mc_w.l(llshl.o)
    0x0800087e   0x0800087e   0x00000020   Code   RO         7849    .text               mc_w.l(llushr.o)
    0x0800089e   0x0800089e   0x00000024   Code   RO         7851    .text               mc_w.l(llsshr.o)
    0x080008c2   0x080008c2   0x00000002   PAD
    0x080008c4   0x080008c4   0x0000009c   Code   RO         7862    .text               mc_w.l(strtod.o)
    0x08000960   0x08000960   0x00000000   Code   RO         7864    .text               mc_w.l(iusefp.o)
    0x08000960   0x08000960   0x0000006e   Code   RO         7865    .text               mf_w.l(fepilogue.o)
    0x080009ce   0x080009ce   0x000000ba   Code   RO         7867    .text               mf_w.l(depilogue.o)
    0x08000a88   0x08000a88   0x0000002e   Code   RO         7871    .text               mf_w.l(dscalb.o)
    0x08000ab6   0x08000ab6   0x000000a2   Code   RO         7873    .text               mf_w.l(dsqrt.o)
    0x08000b58   0x08000b58   0x00000030   Code   RO         7875    .text               mf_w.l(dfixul.o)
    0x08000b88   0x08000b88   0x00000024   Code   RO         7879    .text               mc_w.l(init.o)
    0x08000bac   0x08000bac   0x0000000a   Code   RO         7881    .text               mc_w.l(isspace_c.o)
    0x08000bb6   0x08000bb6   0x00000002   PAD
    0x08000bb8   0x08000bb8   0x00000360   Code   RO         7883    .text               mc_w.l(scanf_fp.o)
    0x08000f18   0x08000f18   0x00000040   Code   RO         7887    .text               mc_w.l(_sgetc.o)
    0x08000f58   0x08000f58   0x00000028   Code   RO         7889    .text               mc_w.l(ctype_c.o)
    0x08000f80   0x08000f80   0x00000018   Code   RO         7892    .text               mf_w.l(dfltul.o)
    0x08000f98   0x08000f98   0x00000056   Code   RO         7902    .text               mc_w.l(__dczerorl2.o)
    0x08000fee   0x08000fee   0x0000007e   Code   RO         1856    i.ADC_DMAConvCplt   stm32f4xx_hal_adc.o
    0x0800106c   0x0800106c   0x0000001a   Code   RO         1857    i.ADC_DMAError      stm32f4xx_hal_adc.o
    0x08001086   0x08001086   0x0000000e   Code   RO         1858    i.ADC_DMAHalfConvCplt  stm32f4xx_hal_adc.o
    0x08001094   0x08001094   0x00000010   Code   RO          673    i.ADC_IRQHandler    stm32f4xx_it.o
    0x080010a4   0x080010a4   0x00000160   Code   RO         1859    i.ADC_Init          stm32f4xx_hal_adc.o
    0x08001204   0x08001204   0x00000004   Code   RO          674    i.BusFault_Handler  stm32f4xx_it.o
    0x08001208   0x08001208   0x00000028   Code   RO         4648    i.Calculate_Heart_Rate_and_SpO2  max30102_app.o
    0x08001230   0x08001230   0x0000004a   Code   RO         4745    i.DHT11_Check       dht11.o
    0x0800127a   0x0800127a   0x00000002   PAD
    0x0800127c   0x0800127c   0x00000010   Code   RO         4746    i.DHT11_DQ_IN       dht11.o
    0x0800128c   0x0800128c   0x00000014   Code   RO         4747    i.DHT11_DQ_OUT      dht11.o
    0x080012a0   0x080012a0   0x00000028   Code   RO         4748    i.DHT11_IO_IN       dht11.o
    0x080012c8   0x080012c8   0x00000028   Code   RO         4749    i.DHT11_IO_OUT      dht11.o
    0x080012f0   0x080012f0   0x00000060   Code   RO         4750    i.DHT11_Init        dht11.o
    0x08001350   0x08001350   0x00000046   Code   RO         4751    i.DHT11_Read_Bit    dht11.o
    0x08001396   0x08001396   0x0000001e   Code   RO         4752    i.DHT11_Read_Byte   dht11.o
    0x080013b4   0x080013b4   0x0000007e   Code   RO         4753    i.DHT11_Read_Data   dht11.o
    0x08001432   0x08001432   0x00000020   Code   RO         4754    i.DHT11_Rst         dht11.o
    0x08001452   0x08001452   0x0000001a   Code   RO          381    i.DHT11_StartTask   freertos.o
    0x0800146c   0x0800146c   0x00000010   Code   RO          675    i.DMA1_Stream2_IRQHandler  stm32f4xx_it.o
    0x0800147c   0x0800147c   0x00000010   Code   RO          676    i.DMA1_Stream4_IRQHandler  stm32f4xx_it.o
    0x0800148c   0x0800148c   0x00000010   Code   RO          677    i.DMA1_Stream5_IRQHandler  stm32f4xx_it.o
    0x0800149c   0x0800149c   0x00000010   Code   RO          678    i.DMA1_Stream6_IRQHandler  stm32f4xx_it.o
    0x080014ac   0x080014ac   0x00000010   Code   RO          679    i.DMA2_Stream0_IRQHandler  stm32f4xx_it.o
    0x080014bc   0x080014bc   0x00000010   Code   RO          680    i.DMA2_Stream1_IRQHandler  stm32f4xx_it.o
    0x080014cc   0x080014cc   0x00000010   Code   RO          681    i.DMA2_Stream2_IRQHandler  stm32f4xx_it.o
    0x080014dc   0x080014dc   0x00000034   Code   RO         2638    i.DMA_CalcBaseAndBitshift  stm32f4xx_hal_dma.o
    0x08001510   0x08001510   0x000000aa   Code   RO         2639    i.DMA_CheckFifoParam  stm32f4xx_hal_dma.o
    0x080015ba   0x080015ba   0x0000002c   Code   RO         2640    i.DMA_SetConfig     stm32f4xx_hal_dma.o
    0x080015e6   0x080015e6   0x00000002   Code   RO          682    i.DebugMon_Handler  stm32f4xx_it.o
    0x080015e8   0x080015e8   0x00000006   Code   RO          290    i.Error_Handler     main.o
    0x080015ee   0x080015ee   0x00000018   Code   RO          382    i.GPS_StartTask     freertos.o
    0x08001606   0x08001606   0x00000002   Code   RO         2030    i.HAL_ADCEx_InjectedConvCpltCallback  stm32f4xx_hal_adc_ex.o
    0x08001608   0x08001608   0x0000018c   Code   RO         1861    i.HAL_ADC_ConfigChannel  stm32f4xx_hal_adc.o
    0x08001794   0x08001794   0x00000002   Code   RO         1862    i.HAL_ADC_ConvCpltCallback  stm32f4xx_hal_adc.o
    0x08001796   0x08001796   0x00000002   Code   RO         1863    i.HAL_ADC_ConvHalfCpltCallback  stm32f4xx_hal_adc.o
    0x08001798   0x08001798   0x00000002   Code   RO         1865    i.HAL_ADC_ErrorCallback  stm32f4xx_hal_adc.o
    0x0800179a   0x0800179a   0x00000162   Code   RO         1869    i.HAL_ADC_IRQHandler  stm32f4xx_hal_adc.o
    0x080018fc   0x080018fc   0x00000068   Code   RO         1870    i.HAL_ADC_Init      stm32f4xx_hal_adc.o
    0x08001964   0x08001964   0x00000002   Code   RO         1871    i.HAL_ADC_LevelOutOfWindowCallback  stm32f4xx_hal_adc.o
    0x08001966   0x08001966   0x00000002   PAD
    0x08001968   0x08001968   0x000000d8   Code   RO          483    i.HAL_ADC_MspInit   adc.o
    0x08001a40   0x08001a40   0x000001b4   Code   RO         1877    i.HAL_ADC_Start_DMA  stm32f4xx_hal_adc.o
    0x08001bf4   0x08001bf4   0x000000ac   Code   RO         2641    i.HAL_DMA_Abort     stm32f4xx_hal_dma.o
    0x08001ca0   0x08001ca0   0x00000028   Code   RO         2642    i.HAL_DMA_Abort_IT  stm32f4xx_hal_dma.o
    0x08001cc8   0x08001cc8   0x00000240   Code   RO         2646    i.HAL_DMA_IRQHandler  stm32f4xx_hal_dma.o
    0x08001f08   0x08001f08   0x000000ec   Code   RO         2647    i.HAL_DMA_Init      stm32f4xx_hal_dma.o
    0x08001ff4   0x08001ff4   0x00000092   Code   RO         2651    i.HAL_DMA_Start_IT  stm32f4xx_hal_dma.o
    0x08002086   0x08002086   0x0000000c   Code   RO           13    i.HAL_Delay         delay.o
    0x08002092   0x08002092   0x00000002   PAD
    0x08002094   0x08002094   0x000001f4   Code   RO         2534    i.HAL_GPIO_Init     stm32f4xx_hal_gpio.o
    0x08002288   0x08002288   0x00000010   Code   RO         2536    i.HAL_GPIO_ReadPin  stm32f4xx_hal_gpio.o
    0x08002298   0x08002298   0x0000000c   Code   RO         2538    i.HAL_GPIO_WritePin  stm32f4xx_hal_gpio.o
    0x080022a4   0x080022a4   0x0000000c   Code   RO         3089    i.HAL_GetTick       stm32f4xx_hal.o
    0x080022b0   0x080022b0   0x000001d0   Code   RO         3345    i.HAL_I2C_Init      stm32f4xx_hal_i2c.o
    0x08002480   0x08002480   0x0000030c   Code   RO         3351    i.HAL_I2C_Master_Receive  stm32f4xx_hal_i2c.o
    0x0800278c   0x0800278c   0x00000170   Code   RO         3358    i.HAL_I2C_Master_Transmit  stm32f4xx_hal_i2c.o
    0x080028fc   0x080028fc   0x00000308   Code   RO         3363    i.HAL_I2C_Mem_Read  stm32f4xx_hal_i2c.o
    0x08002c04   0x08002c04   0x00000164   Code   RO         3366    i.HAL_I2C_Mem_Write  stm32f4xx_hal_i2c.o
    0x08002d68   0x08002d68   0x00000138   Code   RO          549    i.HAL_I2C_MspInit   i2c.o
    0x08002ea0   0x08002ea0   0x00000018   Code   RO         3095    i.HAL_IncTick       stm32f4xx_hal.o
    0x08002eb8   0x08002eb8   0x0000003c   Code   RO         3096    i.HAL_Init          stm32f4xx_hal.o
    0x08002ef4   0x08002ef4   0x000000b4   Code   RO          833    i.HAL_InitTick      stm32f4xx_hal_timebase_tim.o
    0x08002fa8   0x08002fa8   0x00000054   Code   RO          809    i.HAL_MspInit       stm32f4xx_hal_msp.o
    0x08002ffc   0x08002ffc   0x00000028   Code   RO         2926    i.HAL_NVIC_EnableIRQ  stm32f4xx_hal_cortex.o
    0x08003024   0x08003024   0x0000007c   Code   RO         2932    i.HAL_NVIC_SetPriority  stm32f4xx_hal_cortex.o
    0x080030a0   0x080030a0   0x00000028   Code   RO         2933    i.HAL_NVIC_SetPriorityGrouping  stm32f4xx_hal_cortex.o
    0x080030c8   0x080030c8   0x00000184   Code   RO         2135    i.HAL_RCC_ClockConfig  stm32f4xx_hal_rcc.o
    0x0800324c   0x0800324c   0x00000044   Code   RO         2139    i.HAL_RCC_GetClockConfig  stm32f4xx_hal_rcc.o
    0x08003290   0x08003290   0x0000000c   Code   RO         2140    i.HAL_RCC_GetHCLKFreq  stm32f4xx_hal_rcc.o
    0x0800329c   0x0800329c   0x00000020   Code   RO         2142    i.HAL_RCC_GetPCLK1Freq  stm32f4xx_hal_rcc.o
    0x080032bc   0x080032bc   0x00000020   Code   RO         2143    i.HAL_RCC_GetPCLK2Freq  stm32f4xx_hal_rcc.o
    0x080032dc   0x080032dc   0x000000b0   Code   RO         2144    i.HAL_RCC_GetSysClockFreq  stm32f4xx_hal_rcc.o
    0x0800338c   0x0800338c   0x0000049c   Code   RO         2147    i.HAL_RCC_OscConfig  stm32f4xx_hal_rcc.o
    0x08003828   0x08003828   0x00000028   Code   RO         2935    i.HAL_SYSTICK_CLKSourceConfig  stm32f4xx_hal_cortex.o
    0x08003850   0x08003850   0x00000002   Code   RO         1589    i.HAL_TIMEx_BreakCallback  stm32f4xx_hal_tim_ex.o
    0x08003852   0x08003852   0x00000002   Code   RO         1590    i.HAL_TIMEx_CommutCallback  stm32f4xx_hal_tim_ex.o
    0x08003854   0x08003854   0x00000066   Code   RO          874    i.HAL_TIM_Base_Init  stm32f4xx_hal_tim.o
    0x080038ba   0x080038ba   0x00000002   Code   RO          876    i.HAL_TIM_Base_MspInit  stm32f4xx_hal_tim.o
    0x080038bc   0x080038bc   0x000000a8   Code   RO          879    i.HAL_TIM_Base_Start_IT  stm32f4xx_hal_tim.o
    0x08003964   0x08003964   0x00000002   Code   RO          908    i.HAL_TIM_IC_CaptureCallback  stm32f4xx_hal_tim.o
    0x08003966   0x08003966   0x0000016c   Code   RO          922    i.HAL_TIM_IRQHandler  stm32f4xx_hal_tim.o
    0x08003ad2   0x08003ad2   0x00000002   Code   RO          925    i.HAL_TIM_OC_DelayElapsedCallback  stm32f4xx_hal_tim.o
    0x08003ad4   0x08003ad4   0x00000002   Code   RO          952    i.HAL_TIM_PWM_PulseFinishedCallback  stm32f4xx_hal_tim.o
    0x08003ad6   0x08003ad6   0x00000002   PAD
    0x08003ad8   0x08003ad8   0x00000018   Code   RO          291    i.HAL_TIM_PeriodElapsedCallback  main.o
    0x08003af0   0x08003af0   0x00000002   Code   RO          965    i.HAL_TIM_TriggerCallback  stm32f4xx_hal_tim.o
    0x08003af2   0x08003af2   0x00000072   Code   RO         3839    i.HAL_UARTEx_ReceiveToIdle_DMA  stm32f4xx_hal_uart.o
    0x08003b64   0x08003b64   0x000000a0   Code   RO          596    i.HAL_UARTEx_RxEventCallback  usart.o
    0x08003c04   0x08003c04   0x00000002   Code   RO         3855    i.HAL_UART_ErrorCallback  stm32f4xx_hal_uart.o
    0x08003c06   0x08003c06   0x00000002   PAD
    0x08003c08   0x08003c08   0x000002e8   Code   RO         3858    i.HAL_UART_IRQHandler  stm32f4xx_hal_uart.o
    0x08003ef0   0x08003ef0   0x00000076   Code   RO         3859    i.HAL_UART_Init     stm32f4xx_hal_uart.o
    0x08003f66   0x08003f66   0x00000002   PAD
    0x08003f68   0x08003f68   0x000003d0   Code   RO          598    i.HAL_UART_MspInit  usart.o
    0x08004338   0x08004338   0x00000002   Code   RO         3865    i.HAL_UART_RxCpltCallback  stm32f4xx_hal_uart.o
    0x0800433a   0x0800433a   0x00000002   Code   RO         3866    i.HAL_UART_RxHalfCpltCallback  stm32f4xx_hal_uart.o
    0x0800433c   0x0800433c   0x000000be   Code   RO         3867    i.HAL_UART_Transmit  stm32f4xx_hal_uart.o
    0x080043fa   0x080043fa   0x00000002   PAD
    0x080043fc   0x080043fc   0x0000008c   Code   RO         3868    i.HAL_UART_Transmit_DMA  stm32f4xx_hal_uart.o
    0x08004488   0x08004488   0x00000002   Code   RO         3870    i.HAL_UART_TxCpltCallback  stm32f4xx_hal_uart.o
    0x0800448a   0x0800448a   0x00000002   Code   RO         3871    i.HAL_UART_TxHalfCpltCallback  stm32f4xx_hal_uart.o
    0x0800448c   0x0800448c   0x00000004   Code   RO          683    i.HardFault_Handler  stm32f4xx_it.o
    0x08004490   0x08004490   0x0000003e   Code   RO         3389    i.I2C_IsAcknowledgeFailed  stm32f4xx_hal_i2c.o
    0x080044ce   0x080044ce   0x00000002   PAD
    0x080044d0   0x080044d0   0x00000138   Code   RO         3392    i.I2C_MasterRequestRead  stm32f4xx_hal_i2c.o
    0x08004608   0x08004608   0x000000c0   Code   RO         3393    i.I2C_MasterRequestWrite  stm32f4xx_hal_i2c.o
    0x080046c8   0x080046c8   0x00000160   Code   RO         3400    i.I2C_RequestMemoryRead  stm32f4xx_hal_i2c.o
    0x08004828   0x08004828   0x000000e0   Code   RO         3401    i.I2C_RequestMemoryWrite  stm32f4xx_hal_i2c.o
    0x08004908   0x08004908   0x00000066   Code   RO         3409    i.I2C_WaitOnBTFFlagUntilTimeout  stm32f4xx_hal_i2c.o
    0x0800496e   0x0800496e   0x000000be   Code   RO         3410    i.I2C_WaitOnFlagUntilTimeout  stm32f4xx_hal_i2c.o
    0x08004a2c   0x08004a2c   0x000000fa   Code   RO         3411    i.I2C_WaitOnMasterAddressFlagUntilTimeout  stm32f4xx_hal_i2c.o
    0x08004b26   0x08004b26   0x0000008a   Code   RO         3412    i.I2C_WaitOnRXNEFlagUntilTimeout  stm32f4xx_hal_i2c.o
    0x08004bb0   0x08004bb0   0x00000066   Code   RO         3415    i.I2C_WaitOnTXEFlagUntilTimeout  stm32f4xx_hal_i2c.o
    0x08004c16   0x08004c16   0x0000001e   Code   RO          383    i.IO_StartTask      freertos.o
    0x08004c34   0x08004c34   0x00000064   Code   RO         4372    i.LowPassFilter     filter.o
    0x08004c98   0x08004c98   0x00000078   Code   RO         4649    i.MAX30102_Init     max30102_app.o
    0x08004d10   0x08004d10   0x000000c4   Code   RO         4650    i.MAX30102_Read_Data  max30102_app.o
    0x08004dd4   0x08004dd4   0x00000014   Code   RO         4651    i.MAX30102_Reset    max30102_app.o
    0x08004de8   0x08004de8   0x00000018   Code   RO          384    i.MAX_StartTask     freertos.o
    0x08004e00   0x08004e00   0x00000220   Code   RO         5491    i.MPU6050_DMP_Get_Data  mpu6050.o
    0x08005020   0x08005020   0x0000002e   Code   RO         5492    i.MPU6050_Init      mpu6050.o
    0x0800504e   0x0800504e   0x00000048   Code   RO         5493    i.MPU_Get_Accelerometer  mpu6050.o
    0x08005096   0x08005096   0x00000048   Code   RO         5494    i.MPU_Get_Gyroscope  mpu6050.o
    0x080050de   0x080050de   0x00000002   PAD
    0x080050e0   0x080050e0   0x000000a0   Code   RO          385    i.MPU_StartTask     freertos.o
    0x08005180   0x08005180   0x00000030   Code   RO         5496    i.MPU_Write_Byte    mpu6050.o
    0x080051b0   0x080051b0   0x00000028   Code   RO          386    i.MQ2_StartTask     freertos.o
    0x080051d8   0x080051d8   0x00000070   Code   RO          484    i.MX_ADC1_Init      adc.o
    0x08005248   0x08005248   0x000000b8   Code   RO          524    i.MX_DMA_Init       dma.o
    0x08005300   0x08005300   0x00000114   Code   RO          387    i.MX_FREERTOS_Init  freertos.o
    0x08005414   0x08005414   0x00000160   Code   RO          357    i.MX_GPIO_Init      gpio.o
    0x08005574   0x08005574   0x0000003c   Code   RO          550    i.MX_I2C1_Init      i2c.o
    0x080055b0   0x080055b0   0x0000003c   Code   RO          551    i.MX_I2C3_Init      i2c.o
    0x080055ec   0x080055ec   0x00000058   Code   RO          599    i.MX_UART4_Init     usart.o
    0x08005644   0x08005644   0x00000058   Code   RO          600    i.MX_USART1_UART_Init  usart.o
    0x0800569c   0x0800569c   0x0000005c   Code   RO          601    i.MX_USART2_UART_Init  usart.o
    0x080056f8   0x080056f8   0x0000005c   Code   RO          602    i.MX_USART6_UART_Init  usart.o
    0x08005754   0x08005754   0x00000004   Code   RO          684    i.MemManage_Handler  stm32f4xx_it.o
    0x08005758   0x08005758   0x00000004   Code   RO          685    i.NMI_Handler       stm32f4xx_it.o
    0x0800575c   0x0800575c   0x0000005c   Code   RO         4652    i.Process_And_Display_Data  max30102_app.o
    0x080057b8   0x080057b8   0x00000034   Code   RO         4373    i.SmoothData        filter.o
    0x080057ec   0x080057ec   0x0000000c   Code   RO          388    i.StartDefaultTask  freertos.o
    0x080057f8   0x080057f8   0x00000016   Code   RO         6735    i.SysTick_Handler   cmsis_os2.o
    0x0800580e   0x0800580e   0x00000002   PAD
    0x08005810   0x08005810   0x000000b4   Code   RO          292    i.SystemClock_Config  main.o
    0x080058c4   0x080058c4   0x0000001c   Code   RO         4203    i.SystemInit        system_stm32f4xx.o
    0x080058e0   0x080058e0   0x00000010   Code   RO          686    i.TIM7_IRQHandler   stm32f4xx_it.o
    0x080058f0   0x080058f0   0x000000e8   Code   RO          967    i.TIM_Base_SetConfig  stm32f4xx_hal_tim.o
    0x080059d8   0x080059d8   0x00000044   Code   RO          389    i.Timer1_Callback   freertos.o
    0x08005a1c   0x08005a1c   0x00000016   Code   RO         6736    i.TimerCallback     cmsis_os2.o
    0x08005a32   0x08005a32   0x00000002   PAD
    0x08005a34   0x08005a34   0x00000030   Code   RO          687    i.UART4_IRQHandler  stm32f4xx_it.o
    0x08005a64   0x08005a64   0x00000014   Code   RO         3872    i.UART_DMAAbortOnError  stm32f4xx_hal_uart.o
    0x08005a78   0x08005a78   0x00000050   Code   RO         3873    i.UART_DMAError     stm32f4xx_hal_uart.o
    0x08005ac8   0x08005ac8   0x000000b4   Code   RO         3874    i.UART_DMAReceiveCplt  stm32f4xx_hal_uart.o
    0x08005b7c   0x08005b7c   0x00000024   Code   RO         3876    i.UART_DMARxHalfCplt  stm32f4xx_hal_uart.o
    0x08005ba0   0x08005ba0   0x00000058   Code   RO         3878    i.UART_DMATransmitCplt  stm32f4xx_hal_uart.o
    0x08005bf8   0x08005bf8   0x0000000e   Code   RO         3880    i.UART_DMATxHalfCplt  stm32f4xx_hal_uart.o
    0x08005c06   0x08005c06   0x0000006c   Code   RO         3882    i.UART_EndRxTransfer  stm32f4xx_hal_uart.o
    0x08005c72   0x08005c72   0x00000020   Code   RO         3883    i.UART_EndTransmit_IT  stm32f4xx_hal_uart.o
    0x08005c92   0x08005c92   0x00000026   Code   RO         3884    i.UART_EndTxTransfer  stm32f4xx_hal_uart.o
    0x08005cb8   0x08005cb8   0x000000fc   Code   RO         3885    i.UART_Receive_IT   stm32f4xx_hal_uart.o
    0x08005db4   0x08005db4   0x0000022c   Code   RO         3886    i.UART_SetConfig    stm32f4xx_hal_uart.o
    0x08005fe0   0x08005fe0   0x000000c8   Code   RO         3887    i.UART_Start_Receive_DMA  stm32f4xx_hal_uart.o
    0x080060a8   0x080060a8   0x00000060   Code   RO         3889    i.UART_Transmit_IT  stm32f4xx_hal_uart.o
    0x08006108   0x08006108   0x0000008c   Code   RO         3890    i.UART_WaitOnFlagUntilTimeout  stm32f4xx_hal_uart.o
    0x08006194   0x08006194   0x00000030   Code   RO          688    i.USART1_IRQHandler  stm32f4xx_it.o
    0x080061c4   0x080061c4   0x00000034   Code   RO          689    i.USART2_IRQHandler  stm32f4xx_it.o
    0x080061f8   0x080061f8   0x00000034   Code   RO          690    i.USART6_IRQHandler  stm32f4xx_it.o
    0x0800622c   0x0800622c   0x000000fc   Code   RO         4653    i.Update_Signal_Min_Max  max30102_app.o
    0x08006328   0x08006328   0x00000004   Code   RO          691    i.UsageFault_Handler  stm32f4xx_it.o
    0x0800632c   0x0800632c   0x00000014   Code   RO          390    i.WIFE_StartTask    freertos.o
    0x08006340   0x08006340   0x00000020   Code   RO         7725    i.__0printf         mc_w.l(printfa.o)
    0x08006360   0x08006360   0x00000030   Code   RO         7726    i.__0snprintf       mc_w.l(printfa.o)
    0x08006390   0x08006390   0x00000030   Code   RO         7825    i.__ARM_fpclassify  m_wm.l(fpclassify.o)
    0x080063c0   0x080063c0   0x00000010   Code   RO         2939    i.__NVIC_GetPriorityGrouping  stm32f4xx_hal_cortex.o
    0x080063d0   0x080063d0   0x00000028   Code   RO         2940    i.__NVIC_SetPriority  stm32f4xx_hal_cortex.o
    0x080063f8   0x080063f8   0x00000006   Code   RO         6737    i.__get_IPSR        cmsis_os2.o
    0x080063fe   0x080063fe   0x00000002   PAD
    0x08006400   0x08006400   0x00000360   Code   RO         7397    i.__hardfp_asin     m_wm.l(asin.o)
    0x08006760   0x08006760   0x000002d8   Code   RO         7797    i.__hardfp_atan     m_wm.l(atan.o)
    0x08006a38   0x08006a38   0x000001f0   Code   RO         7411    i.__hardfp_atan2    m_wm.l(atan2.o)
    0x08006c28   0x08006c28   0x00000038   Code   RO         7423    i.__hardfp_atof     m_wm.l(atof.o)
    0x08006c60   0x08006c60   0x00000014   Code   RO         7429    i.__hardfp_fabs     m_wm.l(fabs.o)
    0x08006c74   0x08006c74   0x00000004   PAD
    0x08006c78   0x08006c78   0x00000c50   Code   RO         7435    i.__hardfp_pow      m_wm.l(pow.o)
    0x080078c8   0x080078c8   0x0000007a   Code   RO         7449    i.__hardfp_sqrt     m_wm.l(sqrt.o)
    0x08007942   0x08007942   0x000000f8   Code   RO         7827    i.__kernel_poly     m_wm.l(poly.o)
    0x08007a3a   0x08007a3a   0x00000006   PAD
    0x08007a40   0x08007a40   0x00000030   Code   RO         7811    i.__mathlib_dbl_divzero  m_wm.l(dunder.o)
    0x08007a70   0x08007a70   0x00000014   Code   RO         7812    i.__mathlib_dbl_infnan  m_wm.l(dunder.o)
    0x08007a84   0x08007a84   0x00000014   Code   RO         7813    i.__mathlib_dbl_infnan2  m_wm.l(dunder.o)
    0x08007a98   0x08007a98   0x00000020   Code   RO         7814    i.__mathlib_dbl_invalid  m_wm.l(dunder.o)
    0x08007ab8   0x08007ab8   0x00000020   Code   RO         7815    i.__mathlib_dbl_overflow  m_wm.l(dunder.o)
    0x08007ad8   0x08007ad8   0x00000020   Code   RO         7817    i.__mathlib_dbl_underflow  m_wm.l(dunder.o)
    0x08007af8   0x08007af8   0x0000000c   Code   RO         7856    i.__read_errno      mc_w.l(errno.o)
    0x08007b04   0x08007b04   0x0000000e   Code   RO         7896    i.__scatterload_copy  mc_w.l(handlers.o)
    0x08007b12   0x08007b12   0x00000002   Code   RO         7897    i.__scatterload_null  mc_w.l(handlers.o)
    0x08007b14   0x08007b14   0x0000000e   Code   RO         7898    i.__scatterload_zeroinit  mc_w.l(handlers.o)
    0x08007b22   0x08007b22   0x00000002   PAD
    0x08007b24   0x08007b24   0x0000000c   Code   RO         7857    i.__set_errno       mc_w.l(errno.o)
    0x08007b30   0x08007b30   0x00000002   Code   RO         4859    i._float_to_double  ci_app.o
    0x08007b32   0x08007b32   0x00000002   PAD
    0x08007b34   0x08007b34   0x00000184   Code   RO         7732    i._fp_digits        mc_w.l(printfa.o)
    0x08007cb8   0x08007cb8   0x00000002   Code   RO         4860    i._int16_to_int32   ci_app.o
    0x08007cba   0x08007cba   0x0000000e   Code   RO         7885    i._is_digit         mc_w.l(scanf_fp.o)
    0x08007cc8   0x08007cc8   0x000006dc   Code   RO         7733    i._printf_core      mc_w.l(printfa.o)
    0x080083a4   0x080083a4   0x00000024   Code   RO         7734    i._printf_post_padding  mc_w.l(printfa.o)
    0x080083c8   0x080083c8   0x0000002e   Code   RO         7735    i._printf_pre_padding  mc_w.l(printfa.o)
    0x080083f6   0x080083f6   0x00000016   Code   RO         7736    i._snputc           mc_w.l(printfa.o)
    0x0800840c   0x0800840c   0x00000078   Code   RO         4861    i._uart_MQ2_Beyond  ci_app.o
    0x08008484   0x08008484   0x000000e0   Code   RO         4862    i._uart_Read_DHT11  ci_app.o
    0x08008564   0x08008564   0x00000078   Code   RO         4863    i._uart_Read_MQ2    ci_app.o
    0x080085dc   0x080085dc   0x000000a4   Code   RO         4864    i._uart_Read_SPO2_heart  ci_app.o
    0x08008680   0x08008680   0x00000078   Code   RO         4866    i._uart_body_beyond  ci_app.o
    0x080086f8   0x080086f8   0x00000078   Code   RO         4867    i._uart_body_fall   ci_app.o
    0x08008770   0x08008770   0x0000001c   Code   RO         4868    i._uart_send_impl   ci_app.o
    0x0800878c   0x0800878c   0x00000078   Code   RO         4869    i._uart_wear_flag   ci_app.o
    0x08008804   0x08008804   0x000000c0   Code   RO         4963    i.accel_self_test   inv_mpu.o
    0x080088c4   0x080088c4   0x00000010   Code   RO         7799    i.atan              m_wm.l(atan.o)
    0x080088d4   0x080088d4   0x00000050   Code   RO         4829    i.atgm336h_proc     atgm336h_app.o
    0x08008924   0x08008924   0x000001e0   Code   RO         4830    i.atgm336h_process  atgm336h_app.o
    0x08008b04   0x08008b04   0x00000014   Code   RO          391    i.ci_StartTask      freertos.o
    0x08008b18   0x08008b18   0x000001d4   Code   RO         4870    i.ci_proc           ci_app.o
    0x08008cec   0x08008cec   0x00000064   Code   RO         5290    i.decode_gesture    inv_mpu_dmp_motion_driver.o
    0x08008d50   0x08008d50   0x00000014   Code   RO           14    i.delay_init        delay.o
    0x08008d64   0x08008d64   0x00000032   Code   RO           15    i.delay_ms          delay.o
    0x08008d96   0x08008d96   0x00000002   PAD
    0x08008d98   0x08008d98   0x00000048   Code   RO           16    i.delay_us          delay.o
    0x08008de0   0x08008de0   0x00000010   Code   RO         4755    i.dht11_proc        dht11.o
    0x08008df0   0x08008df0   0x0000003c   Code   RO         5291    i.dmp_enable_6x_lp_quat  inv_mpu_dmp_motion_driver.o
    0x08008e2c   0x08008e2c   0x0000021c   Code   RO         5292    i.dmp_enable_feature  inv_mpu_dmp_motion_driver.o
    0x08009048   0x08009048   0x00000058   Code   RO         5293    i.dmp_enable_gyro_cal  inv_mpu_dmp_motion_driver.o
    0x080090a0   0x080090a0   0x0000003c   Code   RO         5294    i.dmp_enable_lp_quat  inv_mpu_dmp_motion_driver.o
    0x080090dc   0x080090dc   0x00000018   Code   RO         5299    i.dmp_load_motion_driver_firmware  inv_mpu_dmp_motion_driver.o
    0x080090f4   0x080090f4   0x00000010   Code   RO         5497    i.dmp_proc          mpu6050.o
    0x08009104   0x08009104   0x000001d4   Code   RO         5300    i.dmp_read_fifo     inv_mpu_dmp_motion_driver.o
    0x080092d8   0x080092d8   0x00000070   Code   RO         5304    i.dmp_set_fifo_rate  inv_mpu_dmp_motion_driver.o
    0x08009348   0x08009348   0x00000138   Code   RO         5307    i.dmp_set_orientation  inv_mpu_dmp_motion_driver.o
    0x08009480   0x08009480   0x00000038   Code   RO         5310    i.dmp_set_shake_reject_thresh  inv_mpu_dmp_motion_driver.o
    0x080094b8   0x080094b8   0x00000026   Code   RO         5311    i.dmp_set_shake_reject_time  inv_mpu_dmp_motion_driver.o
    0x080094de   0x080094de   0x00000026   Code   RO         5312    i.dmp_set_shake_reject_timeout  inv_mpu_dmp_motion_driver.o
    0x08009504   0x08009504   0x00000046   Code   RO         5313    i.dmp_set_tap_axes  inv_mpu_dmp_motion_driver.o
    0x0800954a   0x0800954a   0x00000026   Code   RO         5314    i.dmp_set_tap_count  inv_mpu_dmp_motion_driver.o
    0x08009570   0x08009570   0x000001c0   Code   RO         5315    i.dmp_set_tap_thresh  inv_mpu_dmp_motion_driver.o
    0x08009730   0x08009730   0x00000026   Code   RO         5316    i.dmp_set_tap_time  inv_mpu_dmp_motion_driver.o
    0x08009756   0x08009756   0x00000026   Code   RO         5317    i.dmp_set_tap_time_multi  inv_mpu_dmp_motion_driver.o
    0x0800977c   0x0800977c   0x00000014   Code   RO         4239    i.esp8266_clear_buffer  esp_8266.o
    0x08009790   0x08009790   0x00000148   Code   RO         4240    i.esp8266_error_handler  esp_8266.o
    0x080098d8   0x080098d8   0x00000010   Code   RO         4241    i.esp8266_get_receive_flag  esp_8266.o
    0x080098e8   0x080098e8   0x00000270   Code   RO         4242    i.esp8266_init      esp_8266.o
    0x08009b58   0x08009b58   0x000000c8   Code   RO         4244    i.esp8266_onenet_data_handler  esp_8266.o
    0x08009c20   0x08009c20   0x000003c4   Code   RO         4245    i.esp8266_publish_data  esp_8266.o
    0x08009fe4   0x08009fe4   0x000000a8   Code   RO         4247    i.esp8266_send_command  esp_8266.o
    0x0800a08c   0x0800a08c   0x00000098   Code   RO         4248    i.esp8266_system_handler  esp_8266.o
    0x0800a124   0x0800a124   0x00000018   Code   RO         7431    i.fabs              m_wm.l(fabs.o)
    0x0800a13c   0x0800a13c   0x00000304   Code   RO         4871    i.fall_collsion_event  ci_app.o
    0x0800a440   0x0800a440   0x00000018   Code   RO          603    i.fputc             usart.o
    0x0800a458   0x0800a458   0x000000d4   Code   RO         4964    i.get_accel_prod_shift  inv_mpu.o
    0x0800a52c   0x0800a52c   0x000004b0   Code   RO         4965    i.get_st_biases     inv_mpu.o
    0x0800a9dc   0x0800a9dc   0x00000120   Code   RO         4966    i.gyro_self_test    inv_mpu.o
    0x0800aafc   0x0800aafc   0x00000028   Code   RO         5498    i.inv_orientation_matrix_to_scalar  mpu6050.o
    0x0800ab24   0x0800ab24   0x0000004e   Code   RO         5499    i.inv_row_2_scale   mpu6050.o
    0x0800ab72   0x0800ab72   0x00000002   PAD
    0x0800ab74   0x0800ab74   0x00000044   Code   RO         4437    i.key_init          key_app.o
    0x0800abb8   0x0800abb8   0x00000020   Code   RO         4438    i.key_proc          key_app.o
    0x0800abd8   0x0800abd8   0x000000e0   Code   RO         4439    i.key_task          key_app.o
    0x0800acb8   0x0800acb8   0x0000006c   Code   RO         4476    i.led_disp          led_app.o
    0x0800ad24   0x0800ad24   0x00000010   Code   RO         4477    i.led_proc          led_app.o
    0x0800ad34   0x0800ad34   0x00000042   Code   RO          293    i.main              main.o
    0x0800ad76   0x0800ad76   0x00000002   PAD
    0x0800ad78   0x0800ad78   0x00000048   Code   RO         4654    i.max30102_Bus_Read  max30102_app.o
    0x0800adc0   0x0800adc0   0x00000058   Code   RO         4655    i.max30102_Bus_Write  max30102_app.o
    0x0800ae18   0x0800ae18   0x00000068   Code   RO         4656    i.max30102_FIFO_ReadBytes  max30102_app.o
    0x0800ae80   0x0800ae80   0x00000108   Code   RO         4658    i.max30102_abnormal_event  max30102_app.o
    0x0800af88   0x0800af88   0x00000014   Code   RO         4659    i.max30102_task     max30102_app.o
    0x0800af9c   0x0800af9c   0x00000042   Code   RO         4587    i.maxim_find_peaks  algorithm.o
    0x0800afde   0x0800afde   0x00000002   PAD
    0x0800afe0   0x0800afe0   0x0000050c   Code   RO         4588    i.maxim_heart_rate_and_oxygen_saturation  algorithm.o
    0x0800b4ec   0x0800b4ec   0x0000007a   Code   RO         4589    i.maxim_peaks_above_min_height  algorithm.o
    0x0800b566   0x0800b566   0x00000072   Code   RO         4590    i.maxim_remove_close_peaks  algorithm.o
    0x0800b5d8   0x0800b5d8   0x00000036   Code   RO         4591    i.maxim_sort_ascend  algorithm.o
    0x0800b60e   0x0800b60e   0x00000040   Code   RO         4592    i.maxim_sort_indices_descend  algorithm.o
    0x0800b64e   0x0800b64e   0x00000002   PAD
    0x0800b650   0x0800b650   0x00000070   Code   RO         4967    i.mpu_configure_fifo  inv_mpu.o
    0x0800b6c0   0x0800b6c0   0x00000100   Code   RO         5500    i.mpu_dmp_init      mpu6050.o
    0x0800b7c0   0x0800b7c0   0x0000004c   Code   RO         4968    i.mpu_get_accel_fsr  inv_mpu.o
    0x0800b80c   0x0800b80c   0x00000054   Code   RO         4970    i.mpu_get_accel_sens  inv_mpu.o
    0x0800b860   0x0800b860   0x00000010   Code   RO         4975    i.mpu_get_fifo_config  inv_mpu.o
    0x0800b870   0x0800b870   0x00000044   Code   RO         4976    i.mpu_get_gyro_fsr  inv_mpu.o
    0x0800b8b4   0x0800b8b4   0x00000060   Code   RO         4978    i.mpu_get_gyro_sens  inv_mpu.o
    0x0800b914   0x0800b914   0x00000050   Code   RO         4980    i.mpu_get_lpf       inv_mpu.o
    0x0800b964   0x0800b964   0x00000020   Code   RO         4982    i.mpu_get_sample_rate  inv_mpu.o
    0x0800b984   0x0800b984   0x00000104   Code   RO         4984    i.mpu_init          inv_mpu.o
    0x0800ba88   0x0800ba88   0x000000bc   Code   RO         4985    i.mpu_load_firmware  inv_mpu.o
    0x0800bb44   0x0800bb44   0x000000e8   Code   RO         4986    i.mpu_lp_accel_mode  inv_mpu.o
    0x0800bc2c   0x0800bc2c   0x000000cc   Code   RO         4992    i.mpu_read_fifo_stream  inv_mpu.o
    0x0800bcf8   0x0800bcf8   0x00000030   Code   RO         5501    i.mpu_read_len      mpu6050.o
    0x0800bd28   0x0800bd28   0x00000088   Code   RO         4993    i.mpu_read_mem      inv_mpu.o
    0x0800bdb0   0x0800bdb0   0x000001f4   Code   RO         4996    i.mpu_reset_fifo    inv_mpu.o
    0x0800bfa4   0x0800bfa4   0x0000011c   Code   RO         4997    i.mpu_run_self_test  inv_mpu.o
    0x0800c0c0   0x0800c0c0   0x00000088   Code   RO         5000    i.mpu_set_accel_fsr  inv_mpu.o
    0x0800c148   0x0800c148   0x00000164   Code   RO         5001    i.mpu_set_bypass    inv_mpu.o
    0x0800c2ac   0x0800c2ac   0x00000098   Code   RO         5003    i.mpu_set_dmp_state  inv_mpu.o
    0x0800c344   0x0800c344   0x0000008c   Code   RO         5005    i.mpu_set_gyro_fsr  inv_mpu.o
    0x0800c3d0   0x0800c3d0   0x00000070   Code   RO         5006    i.mpu_set_int_latched  inv_mpu.o
    0x0800c440   0x0800c440   0x00000088   Code   RO         5008    i.mpu_set_lpf       inv_mpu.o
    0x0800c4c8   0x0800c4c8   0x000000a0   Code   RO         5009    i.mpu_set_sample_rate  inv_mpu.o
    0x0800c568   0x0800c568   0x000000d8   Code   RO         5010    i.mpu_set_sensors   inv_mpu.o
    0x0800c640   0x0800c640   0x00000030   Code   RO         5502    i.mpu_write_len     mpu6050.o
    0x0800c670   0x0800c670   0x00000088   Code   RO         5011    i.mpu_write_mem     inv_mpu.o
    0x0800c6f8   0x0800c6f8   0x00000148   Code   RO         4555    i.mq2_proc          mq2.o
    0x0800c840   0x0800c840   0x0000001e   Code   RO         6738    i.osDelay           cmsis_os2.o
    0x0800c85e   0x0800c85e   0x00000034   Code   RO         6739    i.osDelayUntil      cmsis_os2.o
    0x0800c892   0x0800c892   0x0000001a   Code   RO         6750    i.osKernelGetTickCount  cmsis_os2.o
    0x0800c8ac   0x0800c8ac   0x0000002c   Code   RO         6752    i.osKernelInitialize  cmsis_os2.o
    0x0800c8d8   0x0800c8d8   0x00000060   Code   RO         6755    i.osKernelStart     cmsis_os2.o
    0x0800c938   0x0800c938   0x000000b8   Code   RO         6797    i.osThreadNew       cmsis_os2.o
    0x0800c9f0   0x0800c9f0   0x000000bc   Code   RO         6806    i.osTimerNew        cmsis_os2.o
    0x0800caac   0x0800caac   0x0000003c   Code   RO         6807    i.osTimerStart      cmsis_os2.o
    0x0800cae8   0x0800cae8   0x0000007c   Code   RO         6172    i.prvAddCurrentTaskToDelayedList  tasks.o
    0x0800cb64   0x0800cb64   0x000000b8   Code   RO         6173    i.prvAddNewTaskToReadyList  tasks.o
    0x0800cc1c   0x0800cc1c   0x00000074   Code   RO         6548    i.prvCheckForValidListAndQueue  timers.o
    0x0800cc90   0x0800cc90   0x00000048   Code   RO         6174    i.prvCheckTasksWaitingTermination  tasks.o
    0x0800ccd8   0x0800ccd8   0x0000002a   Code   RO         5759    i.prvCopyDataFromQueue  queue.o
    0x0800cd02   0x0800cd02   0x0000007e   Code   RO         5760    i.prvCopyDataToQueue  queue.o
    0x0800cd80   0x0800cd80   0x00000050   Code   RO         6175    i.prvDeleteTCB      tasks.o
    0x0800cdd0   0x0800cdd0   0x00000028   Code   RO         6549    i.prvGetNextExpireTime  timers.o
    0x0800cdf8   0x0800cdf8   0x0000007c   Code   RO         7265    i.prvHeapInit       heap_4.o
    0x0800ce74   0x0800ce74   0x00000028   Code   RO         6176    i.prvIdleTask       tasks.o
    0x0800ce9c   0x0800ce9c   0x0000002a   Code   RO         5763    i.prvInitialiseNewQueue  queue.o
    0x0800cec6   0x0800cec6   0x000000be   Code   RO         6177    i.prvInitialiseNewTask  tasks.o
    0x0800cf84   0x0800cf84   0x0000005a   Code   RO         6550    i.prvInitialiseNewTimer  timers.o
    0x0800cfde   0x0800cfde   0x00000002   PAD
    0x0800cfe0   0x0800cfe0   0x00000068   Code   RO         6178    i.prvInitialiseTaskLists  tasks.o
    0x0800d048   0x0800d048   0x00000068   Code   RO         7266    i.prvInsertBlockIntoFreeList  heap_4.o
    0x0800d0b0   0x0800d0b0   0x00000058   Code   RO         6551    i.prvInsertTimerInActiveList  timers.o
    0x0800d108   0x0800d108   0x0000001a   Code   RO         5764    i.prvIsQueueEmpty   queue.o
    0x0800d122   0x0800d122   0x0000001e   Code   RO         5765    i.prvIsQueueFull    queue.o
    0x0800d140   0x0800d140   0x00000074   Code   RO         6552    i.prvProcessExpiredTimer  timers.o
    0x0800d1b4   0x0800d1b4   0x00000164   Code   RO         6553    i.prvProcessReceivedCommands  timers.o
    0x0800d318   0x0800d318   0x00000074   Code   RO         6554    i.prvProcessTimerOrBlockTask  timers.o
    0x0800d38c   0x0800d38c   0x00000034   Code   RO         6180    i.prvResetNextTaskUnblockTime  tasks.o
    0x0800d3c0   0x0800d3c0   0x0000002c   Code   RO         6555    i.prvSampleTimeNow  timers.o
    0x0800d3ec   0x0800d3ec   0x000000a4   Code   RO         6556    i.prvSwitchTimerLists  timers.o
    0x0800d490   0x0800d490   0x00000040   Code   RO         7321    i.prvTaskExitError  port.o
    0x0800d4d0   0x0800d4d0   0x0000001a   Code   RO         6557    i.prvTimerTask      timers.o
    0x0800d4ea   0x0800d4ea   0x0000007e   Code   RO         5766    i.prvUnlockQueue    queue.o
    0x0800d568   0x0800d568   0x0000014c   Code   RO         7267    i.pvPortMalloc      heap_4.o
    0x0800d6b4   0x0800d6b4   0x0000002c   Code   RO         6558    i.pvTimerGetTimerID  timers.o
    0x0800d6e0   0x0800d6e0   0x0000002c   Code   RO         7322    i.pxPortInitialiseStack  port.o
    0x0800d70c   0x0800d70c   0x00000096   Code   RO         5503    i.run_self_test     mpu6050.o
    0x0800d7a2   0x0800d7a2   0x00000002   PAD
    0x0800d7a4   0x0800d7a4   0x00000098   Code   RO         5012    i.set_int_enable    inv_mpu.o
    0x0800d83c   0x0800d83c   0x0000006e   Code   RO         7451    i.sqrt              m_wm.l(sqrt.o)
    0x0800d8aa   0x0800d8aa   0x00000002   PAD
    0x0800d8ac   0x0800d8ac   0x00000020   Code   RO         4250    i.uart_to_onenet    esp_8266.o
    0x0800d8cc   0x0800d8cc   0x00000028   Code   RO         5719    i.uxListRemove      list.o
    0x0800d8f4   0x0800d8f4   0x00000018   Code   RO         6809    i.vApplicationGetIdleTaskMemory  cmsis_os2.o
    0x0800d90c   0x0800d90c   0x00000018   Code   RO         6810    i.vApplicationGetTimerTaskMemory  cmsis_os2.o
    0x0800d924   0x0800d924   0x0000001a   Code   RO         5720    i.vListInitialise   list.o
    0x0800d93e   0x0800d93e   0x00000006   Code   RO         5721    i.vListInitialiseItem  list.o
    0x0800d944   0x0800d944   0x00000034   Code   RO         5722    i.vListInsert       list.o
    0x0800d978   0x0800d978   0x00000018   Code   RO         5723    i.vListInsertEnd    list.o
    0x0800d990   0x0800d990   0x00000054   Code   RO         7324    i.vPortEnterCritical  port.o
    0x0800d9e4   0x0800d9e4   0x0000003c   Code   RO         7325    i.vPortExitCritical  port.o
    0x0800da20   0x0800da20   0x000000a4   Code   RO         7268    i.vPortFree         heap_4.o
    0x0800dac4   0x0800dac4   0x00000028   Code   RO         7326    i.vPortSetupTimerInterrupt  port.o
    0x0800daec   0x0800daec   0x00000078   Code   RO         7327    i.vPortValidateInterruptPriority  port.o
    0x0800db64   0x0800db64   0x0000002c   Code   RO         5772    i.vQueueAddToRegistry  queue.o
    0x0800db90   0x0800db90   0x0000004a   Code   RO         5776    i.vQueueWaitForMessageRestricted  queue.o
    0x0800dbda   0x0800dbda   0x00000002   PAD
    0x0800dbdc   0x0800dbdc   0x0000005c   Code   RO         6193    i.vTaskDelay        tasks.o
    0x0800dc38   0x0800dc38   0x000000d4   Code   RO         6194    i.vTaskDelayUntil   tasks.o
    0x0800dd0c   0x0800dd0c   0x00000018   Code   RO         6198    i.vTaskInternalSetTimeOutState  tasks.o
    0x0800dd24   0x0800dd24   0x0000000c   Code   RO         6199    i.vTaskMissedYield  tasks.o
    0x0800dd30   0x0800dd30   0x00000038   Code   RO         6201    i.vTaskPlaceOnEventList  tasks.o
    0x0800dd68   0x0800dd68   0x00000040   Code   RO         6202    i.vTaskPlaceOnEventListRestricted  tasks.o
    0x0800dda8   0x0800dda8   0x000000b8   Code   RO         6210    i.vTaskStartScheduler  tasks.o
    0x0800de60   0x0800de60   0x00000010   Code   RO         6212    i.vTaskSuspendAll   tasks.o
    0x0800de70   0x0800de70   0x00000090   Code   RO         6213    i.vTaskSwitchContext  tasks.o
    0x0800df00   0x0800df00   0x00000168   Code   RO         7328    i.xPortStartScheduler  port.o
    0x0800e068   0x0800e068   0x00000034   Code   RO         7329    i.xPortSysTickHandler  port.o
    0x0800e09c   0x0800e09c   0x000000e0   Code   RO         5782    i.xQueueGenericCreateStatic  queue.o
    0x0800e17c   0x0800e17c   0x00000098   Code   RO         5783    i.xQueueGenericReset  queue.o
    0x0800e214   0x0800e214   0x000001a8   Code   RO         5784    i.xQueueGenericSend  queue.o
    0x0800e3bc   0x0800e3bc   0x000000fc   Code   RO         5785    i.xQueueGenericSendFromISR  queue.o
    0x0800e4b8   0x0800e4b8   0x00000168   Code   RO         5794    i.xQueueReceive     queue.o
    0x0800e620   0x0800e620   0x0000008c   Code   RO         6215    i.xTaskCheckForTimeOut  tasks.o
    0x0800e6ac   0x0800e6ac   0x00000064   Code   RO         6216    i.xTaskCreate       tasks.o
    0x0800e710   0x0800e710   0x000000ba   Code   RO         6217    i.xTaskCreateStatic  tasks.o
    0x0800e7ca   0x0800e7ca   0x00000002   PAD
    0x0800e7cc   0x0800e7cc   0x00000020   Code   RO         6221    i.xTaskGetSchedulerState  tasks.o
    0x0800e7ec   0x0800e7ec   0x0000000c   Code   RO         6222    i.xTaskGetTickCount  tasks.o
    0x0800e7f8   0x0800e7f8   0x00000014   Code   RO         6223    i.xTaskGetTickCountFromISR  tasks.o
    0x0800e80c   0x0800e80c   0x00000144   Code   RO         6224    i.xTaskIncrementTick  tasks.o
    0x0800e950   0x0800e950   0x000000a4   Code   RO         6227    i.xTaskPriorityDisinherit  tasks.o
    0x0800e9f4   0x0800e9f4   0x00000098   Code   RO         6229    i.xTaskRemoveFromEventList  tasks.o
    0x0800ea8c   0x0800ea8c   0x00000104   Code   RO         6230    i.xTaskResumeAll    tasks.o
    0x0800eb90   0x0800eb90   0x00000036   Code   RO         6564    i.xTimerCreate      timers.o
    0x0800ebc6   0x0800ebc6   0x00000072   Code   RO         6565    i.xTimerCreateStatic  timers.o
    0x0800ec38   0x0800ec38   0x00000078   Code   RO         6566    i.xTimerCreateTimerTask  timers.o
    0x0800ecb0   0x0800ecb0   0x00000084   Code   RO         6567    i.xTimerGenericCommand  timers.o
    0x0800ed34   0x0800ed34   0x00000154   Data   RO          392    .constdata          freertos.o
    0x0800ee88   0x0800ee88   0x00000008   Data   RO         2653    .constdata          stm32f4xx_hal_dma.o
    0x0800ee90   0x0800ee90   0x00000018   Data   RO         4204    .constdata          system_stm32f4xx.o
    0x0800eea8   0x0800eea8   0x000000f6   Data   RO         4594    .constdata          algorithm.o
    0x0800ef9e   0x0800ef9e   0x00000004   Data   RO         4872    .constdata          ci_app.o
    0x0800efa2   0x0800efa2   0x00000002   PAD
    0x0800efa4   0x0800efa4   0x00000054   Data   RO         5013    .constdata          inv_mpu.o
    0x0800eff8   0x0800eff8   0x00000bf6   Data   RO         5319    .constdata          inv_mpu_dmp_motion_driver.o
    0x0800fbee   0x0800fbee   0x00000002   PAD
    0x0800fbf0   0x0800fbf0   0x00000050   Data   RO         7400    .constdata          m_wm.l(asin.o)
    0x0800fc40   0x0800fc40   0x00000088   Data   RO         7438    .constdata          m_wm.l(pow.o)
    0x0800fcc8   0x0800fcc8   0x00000098   Data   RO         7800    .constdata          m_wm.l(atan.o)
    0x0800fd60   0x0800fd60   0x00000008   Data   RO         7829    .constdata          m_wm.l(qnan.o)
    0x0800fd68   0x0800fd68   0x00000040   Data   RO         7890    .constdata          mc_w.l(ctype_c.o)
    0x0800fda8   0x0800fda8   0x00000077   Data   RO          393    .conststring        freertos.o
    0x0800fe1f   0x0800fe1f   0x00000001   PAD
    0x0800fe20   0x0800fe20   0x000001cc   Data   RO         4251    .conststring        esp_8266.o
    0x0800ffec   0x0800ffec   0x00000020   Data   RO         7894    Region$$Table       anon$$obj.o


    Execution Region RW_IRAM1 (Exec base: 0x20000000, Load base: 0x0801000c, Size: 0x000080d0, Max: 0x0001c000, ABSOLUTE, COMPRESSED[0x000000e8])

    Exec Addr    Load Addr    Size         Type   Attr      Idx    E Section Name        Object

    0x20000000   COMPRESSED   0x00000004   Data   RW           17    .data               delay.o
    0x20000004   COMPRESSED   0x00000029   Data   RW          394    .data               freertos.o
    0x2000002d   COMPRESSED   0x00000004   Data   RW          605    .data               usart.o
    0x20000031   COMPRESSED   0x00000003   PAD
    0x20000034   COMPRESSED   0x00000009   Data   RW         3103    .data               stm32f4xx_hal.o
    0x2000003d   COMPRESSED   0x00000003   PAD
    0x20000040   COMPRESSED   0x00000004   Data   RW         4205    .data               system_stm32f4xx.o
    0x20000044   COMPRESSED   0x00000155   Data   RW         4252    .data               esp_8266.o
    0x20000199   COMPRESSED   0x00000003   Data   RW         4478    .data               led_app.o
    0x2000019c   COMPRESSED   0x00000019   Data   RW         4557    .data               mq2.o
    0x200001b5   COMPRESSED   0x00000003   PAD
    0x200001b8   COMPRESSED   0x00000fd7   Data   RW         4661    .data               max30102_app.o
    0x2000118f   COMPRESSED   0x00000001   Data   RW         4873    .data               ci_app.o
    0x20001190   COMPRESSED   0x0000002c   Data   RW         5014    .data               inv_mpu.o
    0x200011bc   COMPRESSED   0x00000016   Data   RW         5505    .data               mpu6050.o
    0x200011d2   COMPRESSED   0x00000002   PAD
    0x200011d4   COMPRESSED   0x0000003c   Data   RW         6233    .data               tasks.o
    0x20001210   COMPRESSED   0x00000014   Data   RW         6575    .data               timers.o
    0x20001224   COMPRESSED   0x00000004   Data   RW         6812    .data               cmsis_os2.o
    0x20001228   COMPRESSED   0x00000020   Data   RW         7274    .data               heap_4.o
    0x20001248   COMPRESSED   0x0000000c   Data   RW         7330    .data               port.o
    0x20001254   COMPRESSED   0x00000004   Data   RW         7485    .data               mc_w.l(strtok.o)
    0x20001258   COMPRESSED   0x00000004   Data   RW         7844    .data               mc_w.l(stdout.o)
    0x2000125c   COMPRESSED   0x00000004   Data   RW         7858    .data               mc_w.l(errno.o)
    0x20001260        -       0x000000a8   Zero   RW          485    .bss                adc.o
    0x20001308        -       0x000000a8   Zero   RW          552    .bss                i2c.o
    0x200013b0        -       0x000009f0   Zero   RW          604    .bss                usart.o
    0x20001da0        -       0x00000048   Zero   RW          836    .bss                stm32f4xx_hal_timebase_tim.o
    0x20001de8        -       0x00000030   Zero   RW         4440    .bss                key_app.o
    0x20001e18        -       0x00000038   Zero   RW         4531    .bss                scheduler.o
    0x20001e50        -       0x00000078   Zero   RW         4556    .bss                mq2.o
    0x20001ec8        -       0x00001760   Zero   RW         4593    .bss                algorithm.o
    0x20003628        -       0x000000a0   Zero   RW         4660    .bss                max30102_app.o
    0x200036c8        -       0x00000010   Zero   RW         5318    .bss                inv_mpu_dmp_motion_driver.o
    0x200036d8        -       0x00000020   Zero   RW         5504    .bss                mpu6050.o
    0x200036f8        -       0x00000040   Zero   RW         5798    .bss                queue.o
    0x20003738        -       0x000004c4   Zero   RW         6232    .bss                tasks.o
    0x20003bfc        -       0x00000118   Zero   RW         6574    .bss                timers.o
    0x20003d14        -       0x000003b8   Zero   RW         6811    .bss                cmsis_os2.o
    0x200040cc        -       0x00003c00   Zero   RW         7273    .bss                heap_4.o
    0x20007ccc   COMPRESSED   0x00000004   PAD
    0x20007cd0        -       0x00000400   Zero   RW            1    STACK               startup_stm32f407xx.o


    Execution Region RW_IRAM2 (Exec base: 0x2001c000, Load base: 0x080100f4, Size: 0x00000000, Max: 0x00004000, ABSOLUTE)

    **** No section assigned to this execution region ****


==============================================================================

Image component sizes


      Code (inc. data)   RO Data    RW Data    ZI Data      Debug   Object Name

       328         34          0          0        168       1855   adc.o
      1712         32        246          0       5984       7481   algorithm.o
       560        108          0          0          0       2083   atgm336h_app.o
      2260        196          4          1          0       9202   ci_app.o
       778         46          0          4        952      69105   cmsis_os2.o
       154          8          0          4          0     734071   delay.o
       560         32          0          0          0       6443   dht11.o
       184          6          0          0          0        870   dma.o
      2504       1060        460        341          0      10712   esp_8266.o
         0          0          0          0          0      21984   event_groups.o
       152         16          0          0          0       1389   filter.o
       700        216        459         41          0      37862   freertos.o
       352         18          0          0          0       1163   gpio.o
       724         74          0         32      15360       4923   heap_4.o
       432         50          0          0        168       2422   i2c.o
      5956        222         84         44          0      28467   inv_mpu.o
      2528        126       3062          0         16      19297   inv_mpu_dmp_motion_driver.o
       324         18          0          0         48       2364   key_app.o
       124         20          0          3          0       1618   led_app.o
       148          0          0          0          0       3622   list.o
       276         16          0          0          0       3984   main.o
      1268        232          0       4055        160       8681   max30102_app.o
      1418         90          0         22         32      10484   mpu6050.o
       328         74          0         25        120       1317   mq2.o
      1014         92          0         12          0      11805   port.o
      1922         20          0          0         64      17544   queue.o
         0          0          0          0         56       1181   scheduler.o
        36          8        392          0       1024        844   startup_stm32f407xx.o
        96         20          0          9          0       8134   stm32f4xx_hal.o
      1816         66          0          0          0       9097   stm32f4xx_hal_adc.o
         2          0          0          0          0       1025   stm32f4xx_hal_adc_ex.o
       300         22          0          0          0      34228   stm32f4xx_hal_cortex.o
      1436         16          8          0          0       7110   stm32f4xx_hal_dma.o
       528         46          0          0          0       2823   stm32f4xx_hal_gpio.o
      4668         80          0          0          0      16589   stm32f4xx_hal_i2c.o
        84          6          0          0          0        878   stm32f4xx_hal_msp.o
      1888         94          0          0          0       6337   stm32f4xx_hal_rcc.o
       876         76          0          0          0       6722   stm32f4xx_hal_tim.o
         4          0          0          0          0       1629   stm32f4xx_hal_tim_ex.o
       180         20          0          0         72       1503   stm32f4xx_hal_timebase_tim.o
      3156         40          0          0          0      19219   stm32f4xx_hal_uart.o
       366        106          0          0          0       9553   stm32f4xx_it.o
         0          0          0          0          0        384   stream_buffer.o
        28          4         24          4          0       1183   system_stm32f4xx.o
      3040        362          0         60       1220      29623   tasks.o
      1620        124          0         20        280      37067   timers.o
      1520        206          0          4       2544       6088   usart.o

    ----------------------------------------------------------------------
     48396       4102       4776       4692      28272    1221965   Object Totals
         0          0         32          0          0          0   (incl. Generated)
        46          0          5         11          4          0   (incl. Padding)

    ----------------------------------------------------------------------

      Code (inc. data)   RO Data    RW Data    ZI Data      Debug   Library Member Name

       864         94         80          0          0        280   asin.o
       744        106        152          0          0        352   atan.o
       496         64          0          0          0        192   atan2.o
        56         12          0          0          0        132   atof.o
       184         44          0          0          0        744   dunder.o
        44          0          0          0          0        248   fabs.o
        48          0          0          0          0        124   fpclassify.o
       248          0          0          0          0        152   poly.o
      3152        296        136          0          0        352   pow.o
         0          0          8          0          0          0   qnan.o
       232          0          0          0          0        296   sqrt.o
        86          0          0          0          0          0   __dczerorl2.o
        64          0          0          0          0         84   _sgetc.o
        40          6         64          0          0         68   ctype_c.o
         0          0          0          0          0          0   entry.o
         0          0          0          0          0          0   entry10a.o
         0          0          0          0          0          0   entry11a.o
         8          4          0          0          0          0   entry2.o
         4          0          0          0          0          0   entry5.o
         0          0          0          0          0          0   entry7b.o
         0          0          0          0          0          0   entry8b.o
         8          4          0          0          0          0   entry9a.o
        24         12          0          4          0        136   errno.o
        30          0          0          0          0          0   handlers.o
        36          8          0          0          0         68   init.o
        10          0          0          0          0         68   isspace_c.o
         0          0          0          0          0          0   iusefp.o
        98          0          0          0          0         84   ldiv.o
        30          0          0          0          0         68   llshl.o
        36          0          0          0          0         68   llsshr.o
        32          0          0          0          0         68   llushr.o
        26          0          0          0          0         80   memcmp.o
        36          0          0          0          0         68   memcpya.o
        36          0          0          0          0        108   memseta.o
      2328         94          0          0          0        604   printfa.o
       878         12          0          0          0        216   scanf_fp.o
         0          0          0          4          0          0   stdout.o
        14          0          0          0          0         68   strlen.o
        24          0          0          0          0         76   strncpy.o
        36          0          0          0          0         80   strstr.o
       156         12          0          0          0        120   strtod.o
        68          6          0          4          0         80   strtok.o
        44          0          0          0          0         80   uidiv.o
        98          0          0          0          0         92   uldiv.o
        48          0          0          0          0         68   cdrcmple.o
        56          0          0          0          0         88   d2f.o
       334          0          0          0          0        148   dadd.o
       222          0          0          0          0        100   ddiv.o
       186          0          0          0          0        176   depilogue.o
        62          0          0          0          0         80   dfixi.o
        48          0          0          0          0         68   dfixul.o
        34          0          0          0          0         76   dflti.o
        24          0          0          0          0         76   dfltul.o
       228          0          0          0          0         96   dmul.o
        46          0          0          0          0         80   dscalb.o
       162          0          0          0          0        100   dsqrt.o
        38          0          0          0          0         68   f2d.o
       110          0          0          0          0        168   fepilogue.o

    ----------------------------------------------------------------------
     11936        774        440         12          0       6648   Library Totals
        20          0          0          0          0          0   (incl. Padding)

    ----------------------------------------------------------------------

      Code (inc. data)   RO Data    RW Data    ZI Data      Debug   Library Name

      6068        616        376          0          0       2872   m_wm.l
      4250        158         64         12          0       2384   mc_w.l
      1598          0          0          0          0       1392   mf_w.l

    ----------------------------------------------------------------------
     11936        774        440         12          0       6648   Library Totals

    ----------------------------------------------------------------------

==============================================================================


      Code (inc. data)   RO Data    RW Data    ZI Data      Debug   

     60332       4876       5216       4704      28272    1190969   Grand Totals
     60332       4876       5216        232      28272    1190969   ELF Image Totals (compressed)
     60332       4876       5216        232          0          0   ROM Totals

==============================================================================

    Total RO  Size (Code + RO Data)                65548 (  64.01kB)
    Total RW  Size (RW Data + ZI Data)             32976 (  32.20kB)
    Total ROM Size (Code + RO Data + RW Data)      65780 (  64.24kB)

==============================================================================

